Archive member included to satisfy reference by file (symbol)

/usr/local/mcuxpressoide-11.2.1_4149/ide/plugins/com.nxp.mcuxpresso.tools.linux_11.2.0.202001021529/tools/bin/../lib/gcc/arm-none-eabi/9.2.1/thumb/v6-m/nofp/libgcc.a(_udivsi3.o)
                              ./drivers/fsl_clock.o (__aeabi_uidiv)
/usr/local/mcuxpressoide-11.2.1_4149/ide/plugins/com.nxp.mcuxpresso.tools.linux_11.2.0.202001021529/tools/bin/../lib/gcc/arm-none-eabi/9.2.1/thumb/v6-m/nofp/libgcc.a(_divsi3.o)
                              ./drivers/fsl_tpm.o (__aeabi_idiv)
/usr/local/mcuxpressoide-11.2.1_4149/ide/plugins/com.nxp.mcuxpresso.tools.linux_11.2.0.202001021529/tools/bin/../lib/gcc/arm-none-eabi/9.2.1/thumb/v6-m/nofp/libgcc.a(_dvmd_tls.o)
                              /usr/local/mcuxpressoide-11.2.1_4149/ide/plugins/com.nxp.mcuxpresso.tools.linux_11.2.0.202001021529/tools/bin/../lib/gcc/arm-none-eabi/9.2.1/thumb/v6-m/nofp/libgcc.a(_udivsi3.o) (__aeabi_idiv0)
/usr/local/mcuxpressoide-11.2.1_4149/ide/plugins/com.nxp.mcuxpresso.tools.linux_11.2.0.202001021529/tools/bin/../lib/gcc/arm-none-eabi/9.2.1/thumb/v6-m/nofp/libgcc.a(_arm_cmpsf2.o)
                              ./source/DM556.o (__aeabi_fcmplt)
/usr/local/mcuxpressoide-11.2.1_4149/ide/plugins/com.nxp.mcuxpresso.tools.linux_11.2.0.202001021529/tools/bin/../lib/gcc/arm-none-eabi/9.2.1/thumb/v6-m/nofp/libgcc.a(_aeabi_uldivmod.o)
                              ./source/DM556.o (__aeabi_uldivmod)
/usr/local/mcuxpressoide-11.2.1_4149/ide/plugins/com.nxp.mcuxpresso.tools.linux_11.2.0.202001021529/tools/bin/../lib/gcc/arm-none-eabi/9.2.1/thumb/v6-m/nofp/libgcc.a(_muldi3.o)
                              ./source/DM556.o (__aeabi_lmul)
/usr/local/mcuxpressoide-11.2.1_4149/ide/plugins/com.nxp.mcuxpresso.tools.linux_11.2.0.202001021529/tools/bin/../lib/gcc/arm-none-eabi/9.2.1/thumb/v6-m/nofp/libgcc.a(_udivmoddi4.o)
                              /usr/local/mcuxpressoide-11.2.1_4149/ide/plugins/com.nxp.mcuxpresso.tools.linux_11.2.0.202001021529/tools/bin/../lib/gcc/arm-none-eabi/9.2.1/thumb/v6-m/nofp/libgcc.a(_aeabi_uldivmod.o) (__udivmoddi4)
/usr/local/mcuxpressoide-11.2.1_4149/ide/plugins/com.nxp.mcuxpresso.tools.linux_11.2.0.202001021529/tools/bin/../lib/gcc/arm-none-eabi/9.2.1/thumb/v6-m/nofp/libgcc.a(divsf3.o)
                              ./source/DM556.o (__aeabi_fdiv)
/usr/local/mcuxpressoide-11.2.1_4149/ide/plugins/com.nxp.mcuxpresso.tools.linux_11.2.0.202001021529/tools/bin/../lib/gcc/arm-none-eabi/9.2.1/thumb/v6-m/nofp/libgcc.a(eqsf2.o)
                              /usr/local/mcuxpressoide-11.2.1_4149/ide/plugins/com.nxp.mcuxpresso.tools.linux_11.2.0.202001021529/tools/bin/../lib/gcc/arm-none-eabi/9.2.1/thumb/v6-m/nofp/libgcc.a(_arm_cmpsf2.o) (__eqsf2)
/usr/local/mcuxpressoide-11.2.1_4149/ide/plugins/com.nxp.mcuxpresso.tools.linux_11.2.0.202001021529/tools/bin/../lib/gcc/arm-none-eabi/9.2.1/thumb/v6-m/nofp/libgcc.a(gesf2.o)
                              /usr/local/mcuxpressoide-11.2.1_4149/ide/plugins/com.nxp.mcuxpresso.tools.linux_11.2.0.202001021529/tools/bin/../lib/gcc/arm-none-eabi/9.2.1/thumb/v6-m/nofp/libgcc.a(_arm_cmpsf2.o) (__gesf2)
/usr/local/mcuxpressoide-11.2.1_4149/ide/plugins/com.nxp.mcuxpresso.tools.linux_11.2.0.202001021529/tools/bin/../lib/gcc/arm-none-eabi/9.2.1/thumb/v6-m/nofp/libgcc.a(lesf2.o)
                              /usr/local/mcuxpressoide-11.2.1_4149/ide/plugins/com.nxp.mcuxpresso.tools.linux_11.2.0.202001021529/tools/bin/../lib/gcc/arm-none-eabi/9.2.1/thumb/v6-m/nofp/libgcc.a(_arm_cmpsf2.o) (__lesf2)
/usr/local/mcuxpressoide-11.2.1_4149/ide/plugins/com.nxp.mcuxpresso.tools.linux_11.2.0.202001021529/tools/bin/../lib/gcc/arm-none-eabi/9.2.1/thumb/v6-m/nofp/libgcc.a(fixsfsi.o)
                              ./source/DM556.o (__aeabi_f2iz)
/usr/local/mcuxpressoide-11.2.1_4149/ide/plugins/com.nxp.mcuxpresso.tools.linux_11.2.0.202001021529/tools/bin/../lib/gcc/arm-none-eabi/9.2.1/thumb/v6-m/nofp/libgcc.a(floatsisf.o)
                              ./source/DM556.o (__aeabi_i2f)
/usr/local/mcuxpressoide-11.2.1_4149/ide/plugins/com.nxp.mcuxpresso.tools.linux_11.2.0.202001021529/tools/bin/../lib/gcc/arm-none-eabi/9.2.1/thumb/v6-m/nofp/libgcc.a(_clzsi2.o)
                              /usr/local/mcuxpressoide-11.2.1_4149/ide/plugins/com.nxp.mcuxpresso.tools.linux_11.2.0.202001021529/tools/bin/../lib/gcc/arm-none-eabi/9.2.1/thumb/v6-m/nofp/libgcc.a(divsf3.o) (__clzsi2)
/usr/local/mcuxpressoide-11.2.1_4149/ide/plugins/com.nxp.mcuxpresso.tools.linux_11.2.0.202001021529/tools/bin/../lib/gcc/arm-none-eabi/9.2.1/thumb/v6-m/nofp/libgcc.a(_clzdi2.o)
                              /usr/local/mcuxpressoide-11.2.1_4149/ide/plugins/com.nxp.mcuxpresso.tools.linux_11.2.0.202001021529/tools/bin/../lib/gcc/arm-none-eabi/9.2.1/thumb/v6-m/nofp/libgcc.a(_udivmoddi4.o) (__clzdi2)
[...]
Memory Configuration

Name             Origin             Length             Attributes
PROGRAM_FLASH    0x0000000000000000 0x0000000000020000 xr
SRAM             0x000000001ffff000 0x0000000000004000 xrw
*default*        0x0000000000000000 0xffffffffffffffff

Linker script and memory map

LOAD ./utilities/fsl_debug_console.o
LOAD ./startup/startup_mkl25z4.o
LOAD ./source/DM556.o
LOAD ./source/cpp_config.o
LOAD ./source/motorPasso_DM556.o
LOAD ./source/mtb.o
LOAD ./source/semihost_hardfault.o
LOAD ./drivers/fsl_adc16.o
LOAD ./drivers/fsl_clock.o
LOAD ./drivers/fsl_cmp.o
LOAD ./drivers/fsl_common.o
LOAD ./drivers/fsl_cop.o
LOAD ./drivers/fsl_dac.o
LOAD ./drivers/fsl_dma.o
LOAD ./drivers/fsl_dmamux.o
LOAD ./drivers/fsl_flash.o
LOAD ./drivers/fsl_gpio.o
LOAD ./drivers/fsl_i2c.o
LOAD ./drivers/fsl_i2c_dma.o
LOAD ./drivers/fsl_llwu.o
LOAD ./drivers/fsl_lpsci.o
LOAD ./drivers/fsl_lpsci_dma.o
LOAD ./drivers/fsl_lptmr.o
LOAD ./drivers/fsl_pit.o
LOAD ./drivers/fsl_pmc.o
LOAD ./drivers/fsl_rcm.o
LOAD ./drivers/fsl_rtc.o
LOAD ./drivers/fsl_sim.o
LOAD ./drivers/fsl_smc.o
LOAD ./drivers/fsl_spi.o
LOAD ./drivers/fsl_spi_dma.o
LOAD ./drivers/fsl_tpm.o
LOAD ./drivers/fsl_tsi_v4.o
LOAD ./drivers/fsl_uart.o
LOAD ./drivers/fsl_uart_dma.o
LOAD ./board/board.o
LOAD ./board/clock_config.o
LOAD ./board/peripherals.o
LOAD ./board/pin_mux.o
LOAD ./CMSIS/system_MKL25Z4.o
START GROUP
LOAD /usr/local/mcuxpressoide-11.2.1_4149/ide/plugins/com.nxp.mcuxpresso.tools.linux_11.2.0.202001021529/tools/bin/../lib/gcc/arm-none-eabi/9.2.1/thumb/v6-m/nofp/libgcc.a
LOAD /usr/local/mcuxpressoide-11.2.1_4149/ide/plugins/com.nxp.mcuxpresso.tools.linux_11.2.0.202001021529/tools/bin/../lib/gcc/arm-none-eabi/9.2.1/../../../../arm-none-eabi/lib/thumb/v6-m/nofp/libc_nano.a
LOAD /usr/local/mcuxpressoide-11.2.1_4149/ide/plugins/com.nxp.mcuxpresso.tools.linux_11.2.0.202001021529/tools/bin/../lib/gcc/arm-none-eabi/9.2.1/../../../../arm-none-eabi/lib/thumb/v6-m/nofp/libstdc++_nano.a
LOAD /usr/local/mcuxpressoide-11.2.1_4149/ide/plugins/com.nxp.mcuxpresso.tools.linux_11.2.0.202001021529/tools/bin/../lib/gcc/arm-none-eabi/9.2.1/../../../../arm-none-eabi/lib/thumb/v6-m/nofp/libm.a
LOAD /usr/local/mcuxpressoide-11.2.1_4149/ide/plugins/com.nxp.mcuxpresso.tools.linux_11.2.0.202001021529/tools/bin/../lib/gcc/arm-none-eabi/9.2.1/../../../../arm-none-eabi/lib/thumb/v6-m/nofp/libcr_newlib_nohost.a
LOAD /usr/local/mcuxpressoide-11.2.1_4149/ide/plugins/com.nxp.mcuxpresso.tools.linux_11.2.0.202001021529/tools/bin/../lib/gcc/arm-none-eabi/9.2.1/thumb/v6-m/nofp/crti.o
LOAD /usr/local/mcuxpressoide-11.2.1_4149/ide/plugins/com.nxp.mcuxpresso.tools.linux_11.2.0.202001021529/tools/bin/../lib/gcc/arm-none-eabi/9.2.1/thumb/v6-m/nofp/crtn.o
LOAD /usr/local/mcuxpressoide-11.2.1_4149/ide/plugins/com.nxp.mcuxpresso.tools.linux_11.2.0.202001021529/tools/bin/../lib/gcc/arm-none-eabi/9.2.1/thumb/v6-m/nofp/crtbegin.o
LOAD /usr/local/mcuxpressoide-11.2.1_4149/ide/plugins/com.nxp.mcuxpresso.tools.linux_11.2.0.202001021529/tools/bin/../lib/gcc/arm-none-eabi/9.2.1/thumb/v6-m/nofp/crtend.o
END GROUP
                0x0000000000000000                __base_PROGRAM_FLASH = 0x0
                0x0000000000000000                __base_Flash = 0x0
                0x0000000000020000                __top_PROGRAM_FLASH = 0x20000
                0x0000000000020000                __top_Flash = 0x20000
                0x000000001ffff000                __base_SRAM = 0x1ffff000
                0x000000001ffff000                __base_RAM = 0x1ffff000
                0x0000000020003000                __top_SRAM = 0x20003000
                0x0000000020003000                __top_RAM = 0x20003000

.text           0x0000000000000000     0x5114
 FILL mask 0xff
                0x0000000000000000                __vectors_start__ = ABSOLUTE (.)
 *(SORT_BY_ALIGNMENT(.isr_vector))
 .isr_vector    0x0000000000000000       0xc0 ./startup/startup_mkl25z4.o
                0x0000000000000000                __Vectors
                0x0000000000000000                g_pfnVectors
                0x00000000000000c0                . = ALIGN (0x4)
                0x00000000000000c0                __section_table_start = .
                0x00000000000000c0                __data_section_table = .
                0x00000000000000c0        0x4 LONG 0x511c LOADADDR (.data)
                0x00000000000000c4        0x4 LONG 0x1ffff080 ADDR (.data)
                0x00000000000000c8        0x4 LONG 0x70 SIZEOF (.data)
                0x00000000000000cc                __data_section_table_end = .
                0x00000000000000cc                __bss_section_table = .
                0x00000000000000cc        0x4 LONG 0x1ffff0f0 ADDR (.bss)
                0x00000000000000d0        0x4 LONG 0x94 SIZEOF (.bss)
                0x00000000000000d4                __bss_section_table_end = .
                0x00000000000000d4                __section_table_end = .
 *(SORT_BY_ALIGNMENT(.after_vectors*))
 .after_vectors.reset
                0x00000000000000d4       0x50 ./startup/startup_mkl25z4.o
                0x00000000000000d4                ResetISR
 .after_vectors.init_data
                0x0000000000000124       0x12 ./startup/startup_mkl25z4.o
                0x0000000000000124                data_init(unsigned int, unsigned int, unsigned int)
 .after_vectors.init_bss
                0x0000000000000136       0x10 ./startup/startup_mkl25z4.o
                0x0000000000000136                bss_init(unsigned int, unsigned int)
 .after_vectors
                0x0000000000000146      0x10c ./startup/startup_mkl25z4.o
                0x0000000000000146                NMI_Handler
                0x000000000000014a                SVC_Handler
                0x000000000000014c                PendSV_Handler
                0x000000000000014e                SysTick_Handler
                0x0000000000000150                PIT_DriverIRQHandler
                0x0000000000000150                Reserved39_DriverIRQHandler
                0x0000000000000150                LPTMR0_DriverIRQHandler
                0x0000000000000150                TPM2_DriverIRQHandler
                0x0000000000000150                TSI0_DriverIRQHandler
                0x0000000000000150                RTC_Seconds_DriverIRQHandler
                0x0000000000000150                LLWU_DriverIRQHandler
                0x0000000000000150                MCG_DriverIRQHandler
                0x0000000000000150                FTFA_DriverIRQHandler
                0x0000000000000150                IntDefaultHandler
                0x0000000000000150                USB0_DriverIRQHandler
                0x0000000000000150                DAC0_DriverIRQHandler
                0x0000000000000150                LVD_LVW_DriverIRQHandler
                0x0000000000000150                TPM0_DriverIRQHandler
                0x0000000000000150                Reserved20_DriverIRQHandler
                0x0000000000000150                Reserved45_DriverIRQHandler
                0x0000000000000150                PORTA_DriverIRQHandler
                0x0000000000000150                TPM1_DriverIRQHandler
                0x0000000000000150                RTC_DriverIRQHandler
                0x0000000000000150                ADC0_DriverIRQHandler
                0x0000000000000150                CMP0_DriverIRQHandler
                0x0000000000000150                PORTD_DriverIRQHandler
                0x0000000000000152                DMA0_IRQHandler
                0x000000000000015a                DMA1_IRQHandler
                0x0000000000000162                DMA2_IRQHandler
                0x000000000000016a                DMA3_IRQHandler
                0x0000000000000172                Reserved20_IRQHandler
                0x000000000000017a                FTFA_IRQHandler
                0x0000000000000182                LVD_LVW_IRQHandler
                0x000000000000018a                LLWU_IRQHandler
                0x0000000000000192                I2C0_IRQHandler
                0x000000000000019a                I2C1_IRQHandler
                0x00000000000001a2                SPI0_IRQHandler
                0x00000000000001aa                SPI1_IRQHandler
                0x00000000000001b2                UART0_IRQHandler
                0x00000000000001ba                UART1_IRQHandler
                0x00000000000001c2                UART2_IRQHandler
                0x00000000000001ca                ADC0_IRQHandler
                0x00000000000001d2                CMP0_IRQHandler
                0x00000000000001da                TPM0_IRQHandler
                0x00000000000001e2                TPM1_IRQHandler
                0x00000000000001ea                TPM2_IRQHandler
                0x00000000000001f2                RTC_IRQHandler
                0x00000000000001fa                RTC_Seconds_IRQHandler
                0x0000000000000202                PIT_IRQHandler
                0x000000000000020a                Reserved39_IRQHandler
                0x0000000000000212                USB0_IRQHandler
                0x000000000000021a                DAC0_IRQHandler
                0x0000000000000222                TSI0_IRQHandler
                0x000000000000022a                MCG_IRQHandler
                0x0000000000000232                LPTMR0_IRQHandler
                0x000000000000023a                Reserved45_IRQHandler
                0x0000000000000242                PORTA_IRQHandler
                0x000000000000024a                PORTD_IRQHandler
                0x0000000000000400                . = 0x400
 *fill*         0x0000000000000252      0x1ae ff
                0x0000000000000400                PROVIDE (__FLASH_CONFIG_START__ = .)
 *(SORT_BY_ALIGNMENT(.FlashConfig))
 .FlashConfig   0x0000000000000400       0x10 ./startup/startup_mkl25z4.o
                0x0000000000000410                PROVIDE (__FLASH_CONFIG_END__ = .)
                0x0000000000000001                ASSERT (! ((__FLASH_CONFIG_START__ == __FLASH_CONFIG_END__)), Linker Flash Config Support Enabled, but no .FlashConfig section provided within application)
 *(SORT_BY_ALIGNMENT(.text*))
 .text.DbgConsole_Init
                0x0000000000000410       0xf4 ./utilities/fsl_debug_console.o
                0x0000000000000410                DbgConsole_Init
 .text._write   0x0000000000000504       0x58 ./utilities/fsl_debug_console.o
                0x0000000000000504                _write
 .text._read    0x000000000000055c       0x44 ./utilities/fsl_debug_console.o
                0x000000000000055c                _read
 .text._ZN5DM556C2EP9GPIO_TypemS1_m
                0x00000000000005a0       0x8c ./source/DM556.o
                0x00000000000005a0                DM556::DM556(GPIO_Type*, unsigned long, GPIO_Type*, unsigned long)
                0x00000000000005a0                DM556::DM556(GPIO_Type*, unsigned long, GPIO_Type*, unsigned long)
 .text._ZN5DM556D2Ev
                0x000000000000062c       0x1c ./source/DM556.o
                0x000000000000062c                DM556::~DM556()
                0x000000000000062c                DM556::~DM556()
 .text._ZN5DM55611direct_spinEi
                0x0000000000000648       0xcc ./source/DM556.o
                0x0000000000000648                DM556::direct_spin(int)
 .text._ZN5DM5565delayEm
                0x0000000000000714       0x94 ./source/DM556.o
                0x0000000000000714                DM556::delay(unsigned long)
 .text.main     0x00000000000007a8       0xbc ./source/motorPasso_DM556.o
                0x00000000000007a8                main
 .text.HardFault_Handler
                0x0000000000000864       0x30 ./source/semihost_hardfault.o
                0x0000000000000864                HardFault_Handler
 .text.CLOCK_SetEr32kClock
                0x0000000000000894       0x34 ./drivers/fsl_clock.o
 .text.CLOCK_SetPllFllSelClock
                0x00000000000008c8       0x38 ./drivers/fsl_clock.o
 .text.CLOCK_GetMcgExtClkFreq
                0x0000000000000900       0x34 ./drivers/fsl_clock.o
 .text.CLOCK_GetFllExtRefClkFreq
                0x0000000000000934       0xa8 ./drivers/fsl_clock.o
 .text.CLOCK_GetInternalRefClkSelectFreq
                0x00000000000009dc       0x40 ./drivers/fsl_clock.o
 .text.CLOCK_GetFllRefClkFreq
                0x0000000000000a1c       0x2c ./drivers/fsl_clock.o
 .text.CLOCK_GetOscRangeFromFreq
                0x0000000000000a48       0x4c ./drivers/fsl_clock.o
 .text.CLOCK_GetPllFllSelClkFreq
                0x0000000000000a94       0x4c ./drivers/fsl_clock.o
                0x0000000000000a94                CLOCK_GetPllFllSelClkFreq
 .text.CLOCK_GetBusClkFreq
                0x0000000000000ae0       0x50 ./drivers/fsl_clock.o
                0x0000000000000ae0                CLOCK_GetBusClkFreq
 .text.CLOCK_SetSimConfig
                0x0000000000000b30       0x38 ./drivers/fsl_clock.o
                0x0000000000000b30                CLOCK_SetSimConfig
 .text.CLOCK_GetOutClkFreq
                0x0000000000000b68       0x78 ./drivers/fsl_clock.o
                0x0000000000000b68                CLOCK_GetOutClkFreq
 .text.CLOCK_GetFllFreq
                0x0000000000000be0       0x84 ./drivers/fsl_clock.o
                0x0000000000000be0                CLOCK_GetFllFreq
 .text.CLOCK_GetPll0Freq
                0x0000000000000c64       0x80 ./drivers/fsl_clock.o
                0x0000000000000c64                CLOCK_GetPll0Freq
 .text.CLOCK_SetInternalRefClkConfig
                0x0000000000000ce4      0x124 ./drivers/fsl_clock.o
                0x0000000000000ce4                CLOCK_SetInternalRefClkConfig
 .text.CLOCK_EnablePll0
                0x0000000000000e08       0xa0 ./drivers/fsl_clock.o
                0x0000000000000e08                CLOCK_EnablePll0
 .text.CLOCK_InitOsc0
                0x0000000000000ea8       0x94 ./drivers/fsl_clock.o
                0x0000000000000ea8                CLOCK_InitOsc0
 .text.CLOCK_SetPbeMode
                0x0000000000000f3c       0xc0 ./drivers/fsl_clock.o
                0x0000000000000f3c                CLOCK_SetPbeMode
 .text.CLOCK_BootToPeeMode
                0x0000000000000ffc       0x80 ./drivers/fsl_clock.o
                0x0000000000000ffc                CLOCK_BootToPeeMode
 .text.__assert_func
                0x000000000000107c       0x28 ./drivers/fsl_common.o
                0x000000000000107c                __assert_func
 .text.DMA_ClearChannelStatusFlags
                0x00000000000010a4       0x60 ./drivers/fsl_dma.o
 .text.DMA_HandleIRQ
                0x0000000000001104       0x5c ./drivers/fsl_dma.o
                0x0000000000001104                DMA_HandleIRQ
 .text.DMA0_DriverIRQHandler
                0x0000000000001160       0x18 ./drivers/fsl_dma.o
                0x0000000000001160                DMA0_DriverIRQHandler
 .text.DMA1_DriverIRQHandler
                0x0000000000001178       0x18 ./drivers/fsl_dma.o
                0x0000000000001178                DMA1_DriverIRQHandler
 .text.DMA2_DriverIRQHandler
                0x0000000000001190       0x18 ./drivers/fsl_dma.o
                0x0000000000001190                DMA2_DriverIRQHandler
 .text.DMA3_DriverIRQHandler
                0x00000000000011a8       0x18 ./drivers/fsl_dma.o
                0x00000000000011a8                DMA3_DriverIRQHandler
 .text.GPIO_PinInit
                0x00000000000011c0       0x70 ./drivers/fsl_gpio.o
                0x00000000000011c0                GPIO_PinInit
 .text.I2C_TransferCommonIRQHandler
                0x0000000000001230       0x58 ./drivers/fsl_i2c.o
 .text.I2C0_DriverIRQHandler
                0x0000000000001288       0x20 ./drivers/fsl_i2c.o
                0x0000000000001288                I2C0_DriverIRQHandler
 .text.I2C1_DriverIRQHandler
                0x00000000000012a8       0x20 ./drivers/fsl_i2c.o
                0x00000000000012a8                I2C1_DriverIRQHandler
 .text.CLOCK_EnableClock
                0x00000000000012c8       0x34 ./drivers/fsl_lpsci.o
 .text.LPSCI_GetInstance
                0x00000000000012fc       0x54 ./drivers/fsl_lpsci.o
                0x00000000000012fc                LPSCI_GetInstance
 .text.LPSCI_Init
                0x0000000000001350      0x268 ./drivers/fsl_lpsci.o
                0x0000000000001350                LPSCI_Init
 .text.LPSCI_GetDefaultConfig
                0x00000000000015b8       0x50 ./drivers/fsl_lpsci.o
                0x00000000000015b8                LPSCI_GetDefaultConfig
 .text.LPSCI_ClearStatusFlags
                0x0000000000001608       0x94 ./drivers/fsl_lpsci.o
                0x0000000000001608                LPSCI_ClearStatusFlags
 .text.LPSCI_WriteBlocking
                0x000000000000169c       0x5c ./drivers/fsl_lpsci.o
                0x000000000000169c                LPSCI_WriteBlocking
 .text.LPSCI_ReadBlocking
                0x00000000000016f8       0xd0 ./drivers/fsl_lpsci.o
                0x00000000000016f8                LPSCI_ReadBlocking
 .text.UART0_DriverIRQHandler
                0x00000000000017c8       0x24 ./drivers/fsl_lpsci.o
                0x00000000000017c8                UART0_DriverIRQHandler
 .text.SPI_CommonIRQHandler
                0x00000000000017ec       0x54 ./drivers/fsl_spi.o
 .text.SPI0_DriverIRQHandler
                0x0000000000001840       0x40 ./drivers/fsl_spi.o
                0x0000000000001840                SPI0_DriverIRQHandler
 .text.SPI1_DriverIRQHandler
                0x0000000000001880       0x40 ./drivers/fsl_spi.o
                0x0000000000001880                SPI1_DriverIRQHandler
 .text.CLOCK_EnableClock
                0x00000000000018c0       0x34 ./drivers/fsl_uart.o
 .text.UART_GetInstance
                0x00000000000018f4       0x60 ./drivers/fsl_uart.o
                0x00000000000018f4                UART_GetInstance
 .text.UART_Init
                0x0000000000001954      0x1f0 ./drivers/fsl_uart.o
                0x0000000000001954                UART_Init
 .text.UART_GetDefaultConfig
                0x0000000000001b44       0x50 ./drivers/fsl_uart.o
                0x0000000000001b44                UART_GetDefaultConfig
 .text.UART_ReadBlocking
                0x0000000000001b94       0xa8 ./drivers/fsl_uart.o
                0x0000000000001b94                UART_ReadBlocking
 .text.UART1_DriverIRQHandler
                0x0000000000001c3c       0x24 ./drivers/fsl_uart.o
                0x0000000000001c3c                UART1_DriverIRQHandler
 .text.UART2_DriverIRQHandler
                0x0000000000001c60       0x24 ./drivers/fsl_uart.o
                0x0000000000001c60                UART2_DriverIRQHandler
 .text.CLOCK_SetLpsci0Clock
                0x0000000000001c84       0x38 ./board/board.o
 .text.BOARD_InitDebugConsole
                0x0000000000001cbc       0x30 ./board/board.o
                0x0000000000001cbc                BOARD_InitDebugConsole
 .text.CLOCK_SetSimSafeDivs
                0x0000000000001cec       0x20 ./board/clock_config.o
 .text.CLOCK_SetXtal0Freq
                0x0000000000001d0c       0x1c ./board/clock_config.o
 .text.CLOCK_CONFIG_SetFllExtRefDiv
                0x0000000000001d28       0x3c ./board/clock_config.o
 .text.BOARD_BootClockRUN
                0x0000000000001d64       0x64 ./board/clock_config.o
                0x0000000000001d64                BOARD_BootClockRUN
 .text.CLOCK_EnableClock
                0x0000000000001dc8       0x34 ./board/pin_mux.o
 .text.PORT_SetPinMux
                0x0000000000001dfc       0x40 ./board/pin_mux.o
 .text.BOARD_InitPins
                0x0000000000001e3c       0xf0 ./board/pin_mux.o
                0x0000000000001e3c                BOARD_InitPins
 .text.SystemInit
                0x0000000000001f2c       0x18 ./CMSIS/system_MKL25Z4.o
                0x0000000000001f2c                SystemInit
 .text          0x0000000000001f44      0x114 /usr/local/mcuxpressoide-11.2.1_4149/ide/plugins/com.nxp.mcuxpresso.tools.linux_11.2.0.202001021529/tools/bin/../lib/gcc/arm-none-eabi/9.2.1/thumb/v6-m/nofp/libgcc.a(_udivsi3.o)
                0x0000000000001f44                __udivsi3
                0x0000000000001f44                __aeabi_uidiv
                0x0000000000002050                __aeabi_uidivmod
 .text          0x0000000000002058        0x4 /usr/local/mcuxpressoide-11.2.1_4149/ide/plugins/com.nxp.mcuxpresso.tools.linux_11.2.0.202001021529/tools/bin/../lib/gcc/arm-none-eabi/9.2.1/thumb/v6-m/nofp/libgcc.a(_dvmd_tls.o)
                0x0000000000002058                __aeabi_ldiv0
                0x0000000000002058                __aeabi_idiv0
 .text          0x000000000000205c       0x74 /usr/local/mcuxpressoide-11.2.1_4149/ide/plugins/com.nxp.mcuxpresso.tools.linux_11.2.0.202001021529/tools/bin/../lib/gcc/arm-none-eabi/9.2.1/thumb/v6-m/nofp/libgcc.a(_arm_cmpsf2.o)
                0x000000000000205c                __aeabi_cfrcmple
                0x0000000000002064                __aeabi_cfcmple
                0x0000000000002064                __aeabi_cfcmpeq
                0x0000000000002074                __aeabi_fcmpeq
                0x0000000000002080                __aeabi_fcmplt
                0x0000000000002094                __aeabi_fcmple
                0x00000000000020a8                __aeabi_fcmpgt
                0x00000000000020bc                __aeabi_fcmpge
 .text          0x00000000000020d0       0x40 /usr/local/mcuxpressoide-11.2.1_4149/ide/plugins/com.nxp.mcuxpresso.tools.linux_11.2.0.202001021529/tools/bin/../lib/gcc/arm-none-eabi/9.2.1/thumb/v6-m/nofp/libgcc.a(_aeabi_uldivmod.o)
                0x00000000000020d0                __aeabi_uldivmod
 .text          0x0000000000002110       0x50 /usr/local/mcuxpressoide-11.2.1_4149/ide/plugins/com.nxp.mcuxpresso.tools.linux_11.2.0.202001021529/tools/bin/../lib/gcc/arm-none-eabi/9.2.1/thumb/v6-m/nofp/libgcc.a(_muldi3.o)
                0x0000000000002110                __aeabi_lmul
                0x0000000000002110                __muldi3
 .text          0x0000000000002160      0x198 /usr/local/mcuxpressoide-11.2.1_4149/ide/plugins/com.nxp.mcuxpresso.tools.linux_11.2.0.202001021529/tools/bin/../lib/gcc/arm-none-eabi/9.2.1/thumb/v6-m/nofp/libgcc.a(_udivmoddi4.o)
                0x0000000000002160                __udivmoddi4
 .text          0x00000000000022f8      0x218 /usr/local/mcuxpressoide-11.2.1_4149/ide/plugins/com.nxp.mcuxpresso.tools.linux_11.2.0.202001021529/tools/bin/../lib/gcc/arm-none-eabi/9.2.1/thumb/v6-m/nofp/libgcc.a(divsf3.o)
                0x00000000000022f8                __aeabi_fdiv
 .text          0x0000000000002510       0x50 /usr/local/mcuxpressoide-11.2.1_4149/ide/plugins/com.nxp.mcuxpresso.tools.linux_11.2.0.202001021529/tools/bin/../lib/gcc/arm-none-eabi/9.2.1/thumb/v6-m/nofp/libgcc.a(eqsf2.o)
                0x0000000000002510                __nesf2
                0x0000000000002510                __eqsf2
 .text          0x0000000000002560       0x98 /usr/local/mcuxpressoide-11.2.1_4149/ide/plugins/com.nxp.mcuxpresso.tools.linux_11.2.0.202001021529/tools/bin/../lib/gcc/arm-none-eabi/9.2.1/thumb/v6-m/nofp/libgcc.a(gesf2.o)
                0x0000000000002560                __gtsf2
                0x0000000000002560                __gesf2
 .text          0x00000000000025f8       0x94 /usr/local/mcuxpressoide-11.2.1_4149/ide/plugins/com.nxp.mcuxpresso.tools.linux_11.2.0.202001021529/tools/bin/../lib/gcc/arm-none-eabi/9.2.1/thumb/v6-m/nofp/libgcc.a(lesf2.o)
                0x00000000000025f8                __lesf2
                0x00000000000025f8                __ltsf2
 .text          0x000000000000268c       0x40 /usr/local/mcuxpressoide-11.2.1_4149/ide/plugins/com.nxp.mcuxpresso.tools.linux_11.2.0.202001021529/tools/bin/../lib/gcc/arm-none-eabi/9.2.1/thumb/v6-m/nofp/libgcc.a(fixsfsi.o)
                0x000000000000268c                __aeabi_f2iz
 .text          0x00000000000026cc       0x8c /usr/local/mcuxpressoide-11.2.1_4149/ide/plugins/com.nxp.mcuxpresso.tools.linux_11.2.0.202001021529/tools/bin/../lib/gcc/arm-none-eabi/9.2.1/thumb/v6-m/nofp/libgcc.a(floatsisf.o)
                0x00000000000026cc                __aeabi_i2f
 .text          0x0000000000002758       0x3c /usr/local/mcuxpressoide-11.2.1_4149/ide/plugins/com.nxp.mcuxpresso.tools.linux_11.2.0.202001021529/tools/bin/../lib/gcc/arm-none-eabi/9.2.1/thumb/v6-m/nofp/libgcc.a(_clzsi2.o)
                0x0000000000002758                __clzsi2
 .text          0x0000000000002794       0x18 /usr/local/mcuxpressoide-11.2.1_4149/ide/plugins/com.nxp.mcuxpresso.tools.linux_11.2.0.202001021529/tools/bin/../lib/gcc/arm-none-eabi/9.2.1/thumb/v6-m/nofp/libgcc.a(_clzdi2.o)
                0x0000000000002794                __clzdi2
 .text.__libc_init_array
                0x00000000000027ac       0x48 /usr/local/mcuxpressoide-11.2.1_4149/ide/plugins/com.nxp.mcuxpresso.tools.linux_11.2.0.202001021529/tools/bin/../lib/gcc/arm-none-eabi/9.2.1/../../../../arm-none-eabi/lib/thumb/v6-m/nofp/libc_nano.a(lib_a-init.o)
                0x00000000000027ac                __libc_init_array
 .text.free     0x00000000000027f4       0x14 /usr/local/mcuxpressoide-11.2.1_4149/ide/plugins/com.nxp.mcuxpresso.tools.linux_11.2.0.202001021529/tools/bin/../lib/gcc/arm-none-eabi/9.2.1/../../../../arm-none-eabi/lib/thumb/v6-m/nofp/libc_nano.a(lib_a-malloc.o)
                0x00000000000027f4                free
 .text._free_r  0x0000000000002808       0x94 /usr/local/mcuxpressoide-11.2.1_4149/ide/plugins/com.nxp.mcuxpresso.tools.linux_11.2.0.202001021529/tools/bin/../lib/gcc/arm-none-eabi/9.2.1/../../../../arm-none-eabi/lib/thumb/v6-m/nofp/libc_nano.a(lib_a-nano-freer.o)
                0x0000000000002808                _free_r
 .text._malloc_r
                0x000000000000289c       0xbc /usr/local/mcuxpressoide-11.2.1_4149/ide/plugins/com.nxp.mcuxpresso.tools.linux_11.2.0.202001021529/tools/bin/../lib/gcc/arm-none-eabi/9.2.1/../../../../arm-none-eabi/lib/thumb/v6-m/nofp/libc_nano.a(lib_a-nano-mallocr.o)
                0x000000000000289c                _malloc_r
 .text.printf   0x0000000000002958       0x34 /usr/local/mcuxpressoide-11.2.1_4149/ide/plugins/com.nxp.mcuxpresso.tools.linux_11.2.0.202001021529/tools/bin/../lib/gcc/arm-none-eabi/9.2.1/../../../../arm-none-eabi/lib/thumb/v6-m/nofp/libc_nano.a(lib_a-printf.o)
                0x0000000000002958                printf
                0x0000000000002958                iprintf
 .text._sbrk_r  0x000000000000298c       0x24 /usr/local/mcuxpressoide-11.2.1_4149/ide/plugins/com.nxp.mcuxpresso.tools.linux_11.2.0.202001021529/tools/bin/../lib/gcc/arm-none-eabi/9.2.1/../../../../arm-none-eabi/lib/thumb/v6-m/nofp/libc_nano.a(lib_a-sbrkr.o)
                0x000000000000298c                _sbrk_r
 .text.scanf    0x00000000000029b0       0x34 /usr/local/mcuxpressoide-11.2.1_4149/ide/plugins/com.nxp.mcuxpresso.tools.linux_11.2.0.202001021529/tools/bin/../lib/gcc/arm-none-eabi/9.2.1/../../../../arm-none-eabi/lib/thumb/v6-m/nofp/libc_nano.a(lib_a-scanf.o)
                0x00000000000029b0                iscanf
                0x00000000000029b0                scanf
 .text.std      0x00000000000029e4       0x48 /usr/local/mcuxpressoide-11.2.1_4149/ide/plugins/com.nxp.mcuxpresso.tools.linux_11.2.0.202001021529/tools/bin/../lib/gcc/arm-none-eabi/9.2.1/../../../../arm-none-eabi/lib/thumb/v6-m/nofp/libc_nano.a(lib_a-findfp.o)
 .text._cleanup_r
                0x0000000000002a2c       0x10 /usr/local/mcuxpressoide-11.2.1_4149/ide/plugins/com.nxp.mcuxpresso.tools.linux_11.2.0.202001021529/tools/bin/../lib/gcc/arm-none-eabi/9.2.1/../../../../arm-none-eabi/lib/thumb/v6-m/nofp/libc_nano.a(lib_a-findfp.o)
                0x0000000000002a2c                _cleanup_r
 .text.__sfp_lock_acquire
                0x0000000000002a3c       0x10 /usr/local/mcuxpressoide-11.2.1_4149/ide/plugins/com.nxp.mcuxpresso.tools.linux_11.2.0.202001021529/tools/bin/../lib/gcc/arm-none-eabi/9.2.1/../../../../arm-none-eabi/lib/thumb/v6-m/nofp/libc_nano.a(lib_a-findfp.o)
                0x0000000000002a3c                __sfp_lock_acquire
 .text.__sfp_lock_release
                0x0000000000002a4c       0x10 /usr/local/mcuxpressoide-11.2.1_4149/ide/plugins/com.nxp.mcuxpresso.tools.linux_11.2.0.202001021529/tools/bin/../lib/gcc/arm-none-eabi/9.2.1/../../../../arm-none-eabi/lib/thumb/v6-m/nofp/libc_nano.a(lib_a-findfp.o)
                0x0000000000002a4c                __sfp_lock_release
 .text.__sinit_lock_acquire
                0x0000000000002a5c       0x10 /usr/local/mcuxpressoide-11.2.1_4149/ide/plugins/com.nxp.mcuxpresso.tools.linux_11.2.0.202001021529/tools/bin/../lib/gcc/arm-none-eabi/9.2.1/../../../../arm-none-eabi/lib/thumb/v6-m/nofp/libc_nano.a(lib_a-findfp.o)
                0x0000000000002a5c                __sinit_lock_acquire
 .text.__sinit_lock_release
                0x0000000000002a6c       0x10 /usr/local/mcuxpressoide-11.2.1_4149/ide/plugins/com.nxp.mcuxpresso.tools.linux_11.2.0.202001021529/tools/bin/../lib/gcc/arm-none-eabi/9.2.1/../../../../arm-none-eabi/lib/thumb/v6-m/nofp/libc_nano.a(lib_a-findfp.o)
                0x0000000000002a6c                __sinit_lock_release
 .text.__sinit  0x0000000000002a7c       0x70 /usr/local/mcuxpressoide-11.2.1_4149/ide/plugins/com.nxp.mcuxpresso.tools.linux_11.2.0.202001021529/tools/bin/../lib/gcc/arm-none-eabi/9.2.1/../../../../arm-none-eabi/lib/thumb/v6-m/nofp/libc_nano.a(lib_a-findfp.o)
                0x0000000000002a7c                __sinit
 .text.__sfp    0x0000000000002aec       0x90 /usr/local/mcuxpressoide-11.2.1_4149/ide/plugins/com.nxp.mcuxpresso.tools.linux_11.2.0.202001021529/tools/bin/../lib/gcc/arm-none-eabi/9.2.1/../../../../arm-none-eabi/lib/thumb/v6-m/nofp/libc_nano.a(lib_a-findfp.o)
                0x0000000000002aec                __sfp
 .text.__malloc_lock
                0x0000000000002b7c       0x10 /usr/local/mcuxpressoide-11.2.1_4149/ide/plugins/com.nxp.mcuxpresso.tools.linux_11.2.0.202001021529/tools/bin/../lib/gcc/arm-none-eabi/9.2.1/../../../../arm-none-eabi/lib/thumb/v6-m/nofp/libc_nano.a(lib_a-mlock.o)
                0x0000000000002b7c                __malloc_lock
 .text.__malloc_unlock
                0x0000000000002b8c       0x10 /usr/local/mcuxpressoide-11.2.1_4149/ide/plugins/com.nxp.mcuxpresso.tools.linux_11.2.0.202001021529/tools/bin/../lib/gcc/arm-none-eabi/9.2.1/../../../../arm-none-eabi/lib/thumb/v6-m/nofp/libc_nano.a(lib_a-mlock.o)
                0x0000000000002b8c                __malloc_unlock
 .text._vfprintf_r
                0x0000000000002b9c      0x274 /usr/local/mcuxpressoide-11.2.1_4149/ide/plugins/com.nxp.mcuxpresso.tools.linux_11.2.0.202001021529/tools/bin/../lib/gcc/arm-none-eabi/9.2.1/../../../../arm-none-eabi/lib/thumb/v6-m/nofp/libc_nano.a(lib_a-nano-vfprintf.o)
                0x0000000000002b9c                _vfiprintf_r
                0x0000000000002b9c                _vfprintf_r
 .text._printf_i
                0x0000000000002e10      0x224 /usr/local/mcuxpressoide-11.2.1_4149/ide/plugins/com.nxp.mcuxpresso.tools.linux_11.2.0.202001021529/tools/bin/../lib/gcc/arm-none-eabi/9.2.1/../../../../arm-none-eabi/lib/thumb/v6-m/nofp/libc_nano.a(lib_a-nano-vfprintf_i.o)
                0x0000000000002e10                _printf_i
 .text.__svfscanf_r
                0x0000000000003034      0x348 /usr/local/mcuxpressoide-11.2.1_4149/ide/plugins/com.nxp.mcuxpresso.tools.linux_11.2.0.202001021529/tools/bin/../lib/gcc/arm-none-eabi/9.2.1/../../../../arm-none-eabi/lib/thumb/v6-m/nofp/libc_nano.a(lib_a-nano-vfscanf.o)
                0x0000000000003034                __svfiscanf_r
                0x0000000000003034                __svfscanf_r
 .text._vfscanf_r
                0x000000000000337c       0x50 /usr/local/mcuxpressoide-11.2.1_4149/ide/plugins/com.nxp.mcuxpresso.tools.linux_11.2.0.202001021529/tools/bin/../lib/gcc/arm-none-eabi/9.2.1/../../../../arm-none-eabi/lib/thumb/v6-m/nofp/libc_nano.a(lib_a-nano-vfscanf.o)
                0x000000000000337c                _vfiscanf_r
                0x000000000000337c                _vfscanf_r
 .text._scanf_chars
                0x00000000000033cc       0xbc /usr/local/mcuxpressoide-11.2.1_4149/ide/plugins/com.nxp.mcuxpresso.tools.linux_11.2.0.202001021529/tools/bin/../lib/gcc/arm-none-eabi/9.2.1/../../../../arm-none-eabi/lib/thumb/v6-m/nofp/libc_nano.a(lib_a-nano-vfscanf_i.o)
                0x00000000000033cc                _scanf_chars
 .text._scanf_i
                0x0000000000003488      0x208 /usr/local/mcuxpressoide-11.2.1_4149/ide/plugins/com.nxp.mcuxpresso.tools.linux_11.2.0.202001021529/tools/bin/../lib/gcc/arm-none-eabi/9.2.1/../../../../arm-none-eabi/lib/thumb/v6-m/nofp/libc_nano.a(lib_a-nano-vfscanf_i.o)
                0x0000000000003488                _scanf_i
 .text.__srefill_r
                0x0000000000003690      0x120 /usr/local/mcuxpressoide-11.2.1_4149/ide/plugins/com.nxp.mcuxpresso.tools.linux_11.2.0.202001021529/tools/bin/../lib/gcc/arm-none-eabi/9.2.1/../../../../arm-none-eabi/lib/thumb/v6-m/nofp/libc_nano.a(lib_a-refill.o)
                0x0000000000003690                __srefill_r
 .text.__sread  0x00000000000037b0       0x28 /usr/local/mcuxpressoide-11.2.1_4149/ide/plugins/com.nxp.mcuxpresso.tools.linux_11.2.0.202001021529/tools/bin/../lib/gcc/arm-none-eabi/9.2.1/../../../../arm-none-eabi/lib/thumb/v6-m/nofp/libc_nano.a(lib_a-stdio.o)
                0x00000000000037b0                __sread
 .text.__swrite
                0x00000000000037d8       0x38 /usr/local/mcuxpressoide-11.2.1_4149/ide/plugins/com.nxp.mcuxpresso.tools.linux_11.2.0.202001021529/tools/bin/../lib/gcc/arm-none-eabi/9.2.1/../../../../arm-none-eabi/lib/thumb/v6-m/nofp/libc_nano.a(lib_a-stdio.o)
                0x00000000000037d8                __swrite
 .text.__sseek  0x0000000000003810       0x2c /usr/local/mcuxpressoide-11.2.1_4149/ide/plugins/com.nxp.mcuxpresso.tools.linux_11.2.0.202001021529/tools/bin/../lib/gcc/arm-none-eabi/9.2.1/../../../../arm-none-eabi/lib/thumb/v6-m/nofp/libc_nano.a(lib_a-stdio.o)
                0x0000000000003810                __sseek
 .text._strtol_l.isra.0
                0x000000000000383c      0x104 /usr/local/mcuxpressoide-11.2.1_4149/ide/plugins/com.nxp.mcuxpresso.tools.linux_11.2.0.202001021529/tools/bin/../lib/gcc/arm-none-eabi/9.2.1/../../../../arm-none-eabi/lib/thumb/v6-m/nofp/libc_nano.a(lib_a-strtol.o)
 .text._strtoul_l.isra.0
                0x0000000000003940      0x118 /usr/local/mcuxpressoide-11.2.1_4149/ide/plugins/com.nxp.mcuxpresso.tools.linux_11.2.0.202001021529/tools/bin/../lib/gcc/arm-none-eabi/9.2.1/../../../../arm-none-eabi/lib/thumb/v6-m/nofp/libc_nano.a(lib_a-strtoul.o)
 .text.__submore
                0x0000000000003a58       0x7c /usr/local/mcuxpressoide-11.2.1_4149/ide/plugins/com.nxp.mcuxpresso.tools.linux_11.2.0.202001021529/tools/bin/../lib/gcc/arm-none-eabi/9.2.1/../../../../arm-none-eabi/lib/thumb/v6-m/nofp/libc_nano.a(lib_a-ungetc.o)
                0x0000000000003a58                __submore
 .text._ungetc_r
                0x0000000000003ad4      0x138 /usr/local/mcuxpressoide-11.2.1_4149/ide/plugins/com.nxp.mcuxpresso.tools.linux_11.2.0.202001021529/tools/bin/../lib/gcc/arm-none-eabi/9.2.1/../../../../arm-none-eabi/lib/thumb/v6-m/nofp/libc_nano.a(lib_a-ungetc.o)
                0x0000000000003ad4                _ungetc_r
 .text.__swbuf_r
                0x0000000000003c0c       0xac /usr/local/mcuxpressoide-11.2.1_4149/ide/plugins/com.nxp.mcuxpresso.tools.linux_11.2.0.202001021529/tools/bin/../lib/gcc/arm-none-eabi/9.2.1/../../../../arm-none-eabi/lib/thumb/v6-m/nofp/libc_nano.a(lib_a-wbuf.o)
                0x0000000000003c0c                __swbuf_r
 .text._write_r
                0x0000000000003cb8       0x28 /usr/local/mcuxpressoide-11.2.1_4149/ide/plugins/com.nxp.mcuxpresso.tools.linux_11.2.0.202001021529/tools/bin/../lib/gcc/arm-none-eabi/9.2.1/../../../../arm-none-eabi/lib/thumb/v6-m/nofp/libc_nano.a(lib_a-writer.o)
                0x0000000000003cb8                _write_r
 .text.__swsetup_r
                0x0000000000003ce0       0xf0 /usr/local/mcuxpressoide-11.2.1_4149/ide/plugins/com.nxp.mcuxpresso.tools.linux_11.2.0.202001021529/tools/bin/../lib/gcc/arm-none-eabi/9.2.1/../../../../arm-none-eabi/lib/thumb/v6-m/nofp/libc_nano.a(lib_a-wsetup.o)
                0x0000000000003ce0                __swsetup_r
 .text._close_r
                0x0000000000003dd0       0x24 /usr/local/mcuxpressoide-11.2.1_4149/ide/plugins/com.nxp.mcuxpresso.tools.linux_11.2.0.202001021529/tools/bin/../lib/gcc/arm-none-eabi/9.2.1/../../../../arm-none-eabi/lib/thumb/v6-m/nofp/libc_nano.a(lib_a-closer.o)
                0x0000000000003dd0                _close_r
 .text.__sflush_r
                0x0000000000003df4      0x118 /usr/local/mcuxpressoide-11.2.1_4149/ide/plugins/com.nxp.mcuxpresso.tools.linux_11.2.0.202001021529/tools/bin/../lib/gcc/arm-none-eabi/9.2.1/../../../../arm-none-eabi/lib/thumb/v6-m/nofp/libc_nano.a(lib_a-fflush.o)
                0x0000000000003df4                __sflush_r
 .text._fflush_r
                0x0000000000003f0c       0x80 /usr/local/mcuxpressoide-11.2.1_4149/ide/plugins/com.nxp.mcuxpresso.tools.linux_11.2.0.202001021529/tools/bin/../lib/gcc/arm-none-eabi/9.2.1/../../../../arm-none-eabi/lib/thumb/v6-m/nofp/libc_nano.a(lib_a-fflush.o)
                0x0000000000003f0c                _fflush_r
 .text.fflush   0x0000000000003f8c       0x2c /usr/local/mcuxpressoide-11.2.1_4149/ide/plugins/com.nxp.mcuxpresso.tools.linux_11.2.0.202001021529/tools/bin/../lib/gcc/arm-none-eabi/9.2.1/../../../../arm-none-eabi/lib/thumb/v6-m/nofp/libc_nano.a(lib_a-fflush.o)
                0x0000000000003f8c                fflush
 .text._lseek_r
                0x0000000000003fb8       0x28 /usr/local/mcuxpressoide-11.2.1_4149/ide/plugins/com.nxp.mcuxpresso.tools.linux_11.2.0.202001021529/tools/bin/../lib/gcc/arm-none-eabi/9.2.1/../../../../arm-none-eabi/lib/thumb/v6-m/nofp/libc_nano.a(lib_a-lseekr.o)
                0x0000000000003fb8                _lseek_r
 .text.__swhatbuf_r
                0x0000000000003fe0       0x50 /usr/local/mcuxpressoide-11.2.1_4149/ide/plugins/com.nxp.mcuxpresso.tools.linux_11.2.0.202001021529/tools/bin/../lib/gcc/arm-none-eabi/9.2.1/../../../../arm-none-eabi/lib/thumb/v6-m/nofp/libc_nano.a(lib_a-makebuf.o)
                0x0000000000003fe0                __swhatbuf_r
 .text.__smakebuf_r
                0x0000000000004030       0x88 /usr/local/mcuxpressoide-11.2.1_4149/ide/plugins/com.nxp.mcuxpresso.tools.linux_11.2.0.202001021529/tools/bin/../lib/gcc/arm-none-eabi/9.2.1/../../../../arm-none-eabi/lib/thumb/v6-m/nofp/libc_nano.a(lib_a-makebuf.o)
                0x0000000000004030                __smakebuf_r
 .text._read_r  0x00000000000040b8       0x28 /usr/local/mcuxpressoide-11.2.1_4149/ide/plugins/com.nxp.mcuxpresso.tools.linux_11.2.0.202001021529/tools/bin/../lib/gcc/arm-none-eabi/9.2.1/../../../../arm-none-eabi/lib/thumb/v6-m/nofp/libc_nano.a(lib_a-readr.o)
                0x00000000000040b8                _read_r
 .text._fstat_r
                0x00000000000040e0       0x24 /usr/local/mcuxpressoide-11.2.1_4149/ide/plugins/com.nxp.mcuxpresso.tools.linux_11.2.0.202001021529/tools/bin/../lib/gcc/arm-none-eabi/9.2.1/../../../../arm-none-eabi/lib/thumb/v6-m/nofp/libc_nano.a(lib_a-fstatr.o)
                0x00000000000040e0                _fstat_r
 .text._isatty_r
                0x0000000000004104       0x24 /usr/local/mcuxpressoide-11.2.1_4149/ide/plugins/com.nxp.mcuxpresso.tools.linux_11.2.0.202001021529/tools/bin/../lib/gcc/arm-none-eabi/9.2.1/../../../../arm-none-eabi/lib/thumb/v6-m/nofp/libc_nano.a(lib_a-isattyr.o)
                0x0000000000004104                _isatty_r
 .text._sbrk    0x0000000000004128       0x40 /usr/local/mcuxpressoide-11.2.1_4149/ide/plugins/com.nxp.mcuxpresso.tools.linux_11.2.0.202001021529/tools/bin/../lib/gcc/arm-none-eabi/9.2.1/../../../../arm-none-eabi/lib/thumb/v6-m/nofp/libcr_newlib_nohost.a(_cr_sbrk.o)
                0x0000000000004128                _sbrk
 .text._close   0x0000000000004168       0x10 /usr/local/mcuxpressoide-11.2.1_4149/ide/plugins/com.nxp.mcuxpresso.tools.linux_11.2.0.202001021529/tools/bin/../lib/gcc/arm-none-eabi/9.2.1/../../../../arm-none-eabi/lib/thumb/v6-m/nofp/libcr_newlib_nohost.a(close.o)
                0x0000000000004168                _close
 .text._fstat   0x0000000000004178       0x10 /usr/local/mcuxpressoide-11.2.1_4149/ide/plugins/com.nxp.mcuxpresso.tools.linux_11.2.0.202001021529/tools/bin/../lib/gcc/arm-none-eabi/9.2.1/../../../../arm-none-eabi/lib/thumb/v6-m/nofp/libcr_newlib_nohost.a(fstat.o)
                0x0000000000004178                _fstat
 .text._isatty  0x0000000000004188       0x10 /usr/local/mcuxpressoide-11.2.1_4149/ide/plugins/com.nxp.mcuxpresso.tools.linux_11.2.0.202001021529/tools/bin/../lib/gcc/arm-none-eabi/9.2.1/../../../../arm-none-eabi/lib/thumb/v6-m/nofp/libcr_newlib_nohost.a(isatty.o)
                0x0000000000004188                _isatty
 .text._lseek   0x0000000000004198       0x10 /usr/local/mcuxpressoide-11.2.1_4149/ide/plugins/com.nxp.mcuxpresso.tools.linux_11.2.0.202001021529/tools/bin/../lib/gcc/arm-none-eabi/9.2.1/../../../../arm-none-eabi/lib/thumb/v6-m/nofp/libcr_newlib_nohost.a(lseek.o)
                0x0000000000004198                _lseek
 .text.__check_heap_overflow
                0x00000000000041a8       0x14 /usr/local/mcuxpressoide-11.2.1_4149/ide/plugins/com.nxp.mcuxpresso.tools.linux_11.2.0.202001021529/tools/bin/../lib/gcc/arm-none-eabi/9.2.1/../../../../arm-none-eabi/lib/thumb/v6-m/nofp/libcr_newlib_nohost.a(_cr_check_heap.o)
                0x00000000000041a8                __check_heap_overflow
 .text          0x00000000000041bc       0x48 /usr/local/mcuxpressoide-11.2.1_4149/ide/plugins/com.nxp.mcuxpresso.tools.linux_11.2.0.202001021529/tools/bin/../lib/gcc/arm-none-eabi/9.2.1/thumb/v6-m/nofp/crtbegin.o
 .text          0x0000000000004204       0x14 /usr/local/mcuxpressoide-11.2.1_4149/ide/plugins/com.nxp.mcuxpresso.tools.linux_11.2.0.202001021529/tools/bin/../lib/gcc/arm-none-eabi/9.2.1/thumb/v6-m/nofp/libgcc.a(_thumb1_case_shi.o)
                0x0000000000004204                __gnu_thumb1_case_shi
 .text.__errno  0x0000000000004218        0xc /usr/local/mcuxpressoide-11.2.1_4149/ide/plugins/com.nxp.mcuxpresso.tools.linux_11.2.0.202001021529/tools/bin/../lib/gcc/arm-none-eabi/9.2.1/../../../../arm-none-eabi/lib/thumb/v6-m/nofp/libc_nano.a(lib_a-errno.o)
                0x0000000000004218                __errno
 .text.UART_EnableTx
                0x0000000000004224       0x40 ./utilities/fsl_debug_console.o
 .text.UART_EnableRx
                0x0000000000004264       0x40 ./utilities/fsl_debug_console.o
 .text.LPSCI_EnableTx
                0x00000000000042a4       0x40 ./utilities/fsl_debug_console.o
 .text.LPSCI_EnableRx
                0x00000000000042e4       0x40 ./utilities/fsl_debug_console.o
 .text.GPIO_SetPinsOutput
                0x0000000000004324       0x18 ./source/DM556.o
 .text.GPIO_ClearPinsOutput
                0x000000000000433c       0x18 ./source/DM556.o
 .text.GPIO_TogglePinsOutput
                0x0000000000004354       0x18 ./source/DM556.o
 .text.PIT_GetStatusFlags
                0x000000000000436c       0x2c ./source/DM556.o
 .text.PIT_ClearStatusFlags
                0x0000000000004398       0x2e ./source/DM556.o
 .text.PIT_SetTimerPeriod
                0x00000000000043c6       0x28 ./source/DM556.o
 .text.PIT_StartTimer
                0x00000000000043ee       0x3e ./source/DM556.o
 .text.PIT_StopTimer
                0x000000000000442c       0x40 ./source/DM556.o
 .text._ZN5DM556D0Ev
                0x000000000000446c       0x24 ./source/DM556.o
                0x000000000000446c                DM556::~DM556()
 .text._ZN5DM55618set_configurationsEi
                0x0000000000004490       0x1e ./source/DM556.o
                0x0000000000004490                DM556::set_configurations(int)
 .text._ZN5DM5564spinEf
                0x00000000000044ae       0x3c ./source/DM556.o
                0x00000000000044ae                DM556::spin(float)
 .text._ZN5DM55612inverse_spinEf
                0x00000000000044ea       0xb2 ./source/DM556.o
                0x00000000000044ea                DM556::inverse_spin(float)
 .text._ZdlPv   0x000000000000459c       0x18 ./source/cpp_config.o
                0x000000000000459c                operator delete(void*)
 .text.GPIO_ClearPinsOutput
                0x00000000000045b4       0x18 ./source/motorPasso_DM556.o
 .text.GPIO_TogglePinsOutput
                0x00000000000045cc       0x18 ./source/motorPasso_DM556.o
 .text.OSC_SetExtRefClkConfig
                0x00000000000045e4       0x3e ./drivers/fsl_clock.o
 .text.OSC_SetCapLoad
                0x0000000000004622       0x42 ./drivers/fsl_clock.o
 .text.CLOCK_GetPll0RefFreq
                0x0000000000004664       0x10 ./drivers/fsl_clock.o
 .text.CLOCK_SetExternalRefClkConfig
                0x0000000000004674       0x16 ./drivers/fsl_clock.o
                0x0000000000004674                CLOCK_SetExternalRefClkConfig
 .text.GPIO_WritePinOutput
                0x000000000000468a       0x34 ./drivers/fsl_gpio.o
 .text.LPSCI_GetStatusFlags
                0x00000000000046be       0x26 ./drivers/fsl_lpsci.o
                0x00000000000046be                LPSCI_GetStatusFlags
 .text.UART_GetStatusFlags
                0x00000000000046e4       0x26 ./drivers/fsl_uart.o
                0x00000000000046e4                UART_GetStatusFlags
 .text.UART_WriteBlocking
                0x000000000000470a       0x3c ./drivers/fsl_uart.o
                0x000000000000470a                UART_WriteBlocking
 .text.BOARD_InitBootClocks
                0x0000000000004746        0xe ./board/clock_config.o
                0x0000000000004746                BOARD_InitBootClocks
 .text.BOARD_InitBootPeripherals
                0x0000000000004754        0xa ./board/peripherals.o
                0x0000000000004754                BOARD_InitBootPeripherals
 .text.BOARD_InitBootPins
                0x000000000000475e        0xe ./board/pin_mux.o
                0x000000000000475e                BOARD_InitBootPins
 .text.memcpy   0x000000000000476c       0x12 /usr/local/mcuxpressoide-11.2.1_4149/ide/plugins/com.nxp.mcuxpresso.tools.linux_11.2.0.202001021529/tools/bin/../lib/gcc/arm-none-eabi/9.2.1/../../../../arm-none-eabi/lib/thumb/v6-m/nofp/libc_nano.a(lib_a-memcpy-stub.o)
                0x000000000000476c                memcpy
 .text.memset   0x000000000000477e       0x10 /usr/local/mcuxpressoide-11.2.1_4149/ide/plugins/com.nxp.mcuxpresso.tools.linux_11.2.0.202001021529/tools/bin/../lib/gcc/arm-none-eabi/9.2.1/../../../../arm-none-eabi/lib/thumb/v6-m/nofp/libc_nano.a(lib_a-memset.o)
                0x000000000000477e                memset
 .text.__sfmoreglue
                0x000000000000478e       0x2c /usr/local/mcuxpressoide-11.2.1_4149/ide/plugins/com.nxp.mcuxpresso.tools.linux_11.2.0.202001021529/tools/bin/../lib/gcc/arm-none-eabi/9.2.1/../../../../arm-none-eabi/lib/thumb/v6-m/nofp/libc_nano.a(lib_a-findfp.o)
                0x000000000000478e                __sfmoreglue
 .text._fwalk   0x00000000000047ba       0x36 /usr/local/mcuxpressoide-11.2.1_4149/ide/plugins/com.nxp.mcuxpresso.tools.linux_11.2.0.202001021529/tools/bin/../lib/gcc/arm-none-eabi/9.2.1/../../../../arm-none-eabi/lib/thumb/v6-m/nofp/libc_nano.a(lib_a-fwalk.o)
                0x00000000000047ba                _fwalk
 .text._fwalk_reent
                0x00000000000047f0       0x40 /usr/local/mcuxpressoide-11.2.1_4149/ide/plugins/com.nxp.mcuxpresso.tools.linux_11.2.0.202001021529/tools/bin/../lib/gcc/arm-none-eabi/9.2.1/../../../../arm-none-eabi/lib/thumb/v6-m/nofp/libc_nano.a(lib_a-fwalk.o)
                0x00000000000047f0                _fwalk_reent
 .text.__retarget_lock_init_recursive
                0x0000000000004830        0x2 /usr/local/mcuxpressoide-11.2.1_4149/ide/plugins/com.nxp.mcuxpresso.tools.linux_11.2.0.202001021529/tools/bin/../lib/gcc/arm-none-eabi/9.2.1/../../../../arm-none-eabi/lib/thumb/v6-m/nofp/libc_nano.a(lib_a-lock.o)
                0x0000000000004830                __retarget_lock_init_recursive
 .text.__retarget_lock_acquire_recursive
                0x0000000000004832        0x2 /usr/local/mcuxpressoide-11.2.1_4149/ide/plugins/com.nxp.mcuxpresso.tools.linux_11.2.0.202001021529/tools/bin/../lib/gcc/arm-none-eabi/9.2.1/../../../../arm-none-eabi/lib/thumb/v6-m/nofp/libc_nano.a(lib_a-lock.o)
                0x0000000000004832                __retarget_lock_acquire_recursive
 .text.__retarget_lock_release_recursive
                0x0000000000004834        0x2 /usr/local/mcuxpressoide-11.2.1_4149/ide/plugins/com.nxp.mcuxpresso.tools.linux_11.2.0.202001021529/tools/bin/../lib/gcc/arm-none-eabi/9.2.1/../../../../arm-none-eabi/lib/thumb/v6-m/nofp/libc_nano.a(lib_a-lock.o)
                0x0000000000004834                __retarget_lock_release_recursive
 .text.__sfputc_r
                0x0000000000004836       0x2a /usr/local/mcuxpressoide-11.2.1_4149/ide/plugins/com.nxp.mcuxpresso.tools.linux_11.2.0.202001021529/tools/bin/../lib/gcc/arm-none-eabi/9.2.1/../../../../arm-none-eabi/lib/thumb/v6-m/nofp/libc_nano.a(lib_a-nano-vfprintf.o)
 .text.__sfputs_r
                0x0000000000004860       0x24 /usr/local/mcuxpressoide-11.2.1_4149/ide/plugins/com.nxp.mcuxpresso.tools.linux_11.2.0.202001021529/tools/bin/../lib/gcc/arm-none-eabi/9.2.1/../../../../arm-none-eabi/lib/thumb/v6-m/nofp/libc_nano.a(lib_a-nano-vfprintf.o)
                0x0000000000004860                __sfputs_r
 .text._printf_common
                0x0000000000004884       0xde /usr/local/mcuxpressoide-11.2.1_4149/ide/plugins/com.nxp.mcuxpresso.tools.linux_11.2.0.202001021529/tools/bin/../lib/gcc/arm-none-eabi/9.2.1/../../../../arm-none-eabi/lib/thumb/v6-m/nofp/libc_nano.a(lib_a-nano-vfprintf_i.o)
                0x0000000000004884                _printf_common
 .text.lflush   0x0000000000004962       0x18 /usr/local/mcuxpressoide-11.2.1_4149/ide/plugins/com.nxp.mcuxpresso.tools.linux_11.2.0.202001021529/tools/bin/../lib/gcc/arm-none-eabi/9.2.1/../../../../arm-none-eabi/lib/thumb/v6-m/nofp/libc_nano.a(lib_a-refill.o)
 .text.__sccl   0x000000000000497a       0x78 /usr/local/mcuxpressoide-11.2.1_4149/ide/plugins/com.nxp.mcuxpresso.tools.linux_11.2.0.202001021529/tools/bin/../lib/gcc/arm-none-eabi/9.2.1/../../../../arm-none-eabi/lib/thumb/v6-m/nofp/libc_nano.a(lib_a-sccl.o)
                0x000000000000497a                __sccl
 .text.__sclose
                0x00000000000049f2        0xc /usr/local/mcuxpressoide-11.2.1_4149/ide/plugins/com.nxp.mcuxpresso.tools.linux_11.2.0.202001021529/tools/bin/../lib/gcc/arm-none-eabi/9.2.1/../../../../arm-none-eabi/lib/thumb/v6-m/nofp/libc_nano.a(lib_a-stdio.o)
                0x00000000000049f2                __sclose
 .text._strtol_r
                0x00000000000049fe        0x8 /usr/local/mcuxpressoide-11.2.1_4149/ide/plugins/com.nxp.mcuxpresso.tools.linux_11.2.0.202001021529/tools/bin/../lib/gcc/arm-none-eabi/9.2.1/../../../../arm-none-eabi/lib/thumb/v6-m/nofp/libc_nano.a(lib_a-strtol.o)
                0x00000000000049fe                _strtol_r
 .text._strtoul_r
                0x0000000000004a06        0x8 /usr/local/mcuxpressoide-11.2.1_4149/ide/plugins/com.nxp.mcuxpresso.tools.linux_11.2.0.202001021529/tools/bin/../lib/gcc/arm-none-eabi/9.2.1/../../../../arm-none-eabi/lib/thumb/v6-m/nofp/libc_nano.a(lib_a-strtoul.o)
                0x0000000000004a06                _strtoul_r
 .text.memchr   0x0000000000004a0e       0x16 /usr/local/mcuxpressoide-11.2.1_4149/ide/plugins/com.nxp.mcuxpresso.tools.linux_11.2.0.202001021529/tools/bin/../lib/gcc/arm-none-eabi/9.2.1/../../../../arm-none-eabi/lib/thumb/v6-m/nofp/libc_nano.a(lib_a-memchr-stub.o)
                0x0000000000004a0e                memchr
 .text._realloc_r
                0x0000000000004a24       0x4c /usr/local/mcuxpressoide-11.2.1_4149/ide/plugins/com.nxp.mcuxpresso.tools.linux_11.2.0.202001021529/tools/bin/../lib/gcc/arm-none-eabi/9.2.1/../../../../arm-none-eabi/lib/thumb/v6-m/nofp/libc_nano.a(lib_a-nano-reallocr.o)
                0x0000000000004a24                _realloc_r
 .text._malloc_usable_size_r
                0x0000000000004a70       0x10 /usr/local/mcuxpressoide-11.2.1_4149/ide/plugins/com.nxp.mcuxpresso.tools.linux_11.2.0.202001021529/tools/bin/../lib/gcc/arm-none-eabi/9.2.1/../../../../arm-none-eabi/lib/thumb/v6-m/nofp/libc_nano.a(lib_a-nano-msizer.o)
                0x0000000000004a70                _malloc_usable_size_r
 .text._ZdlPvj  0x0000000000004a80        0x8 /usr/local/mcuxpressoide-11.2.1_4149/ide/plugins/com.nxp.mcuxpresso.tools.linux_11.2.0.202001021529/tools/bin/../lib/gcc/arm-none-eabi/9.2.1/../../../../arm-none-eabi/lib/thumb/v6-m/nofp/libstdc++_nano.a(del_ops.o)
                0x0000000000004a80                operator delete(void*, unsigned int)
 *(SORT_BY_ALIGNMENT(.rodata) SORT_BY_ALIGNMENT(.rodata.*) SORT_BY_ALIGNMENT(.constdata) SORT_BY_ALIGNMENT(.constdata.*))
 .rodata        0x0000000000004a88        0x2 ./source/DM556.o
 *fill*         0x0000000000004a8a        0x2 ff
 .rodata._ZN5DM55611direct_spinEi.str1.4
                0x0000000000004a8c        0x5 ./source/DM556.o
 *fill*         0x0000000000004a91        0x3 ff
 .rodata._ZTV5DM556
                0x0000000000004a94       0x10 ./source/DM556.o
                0x0000000000004a94                vtable for DM556
 .rodata.main.str1.4
                0x0000000000004aa4       0x67 ./source/motorPasso_DM556.o
 *fill*         0x0000000000004b0b        0x1 ff
 .rodata.CLOCK_GetMcgExtClkFreq.str1.4
                0x0000000000004b0c       0x19 ./drivers/fsl_clock.o
 *fill*         0x0000000000004b25        0x3 ff
 .rodata.CLOCK_GetPll0Freq.str1.4
                0x0000000000004b28        0xb ./drivers/fsl_clock.o
 *fill*         0x0000000000004b33        0x1 ff
 .rodata.CLOCK_EnablePll0.str1.4
                0x0000000000004b34        0x7 ./drivers/fsl_clock.o
 *fill*         0x0000000000004b3b        0x1 ff
 .rodata.__func__.5317
                0x0000000000004b3c       0x17 ./drivers/fsl_clock.o
 *fill*         0x0000000000004b53        0x1 ff
 .rodata.fllFactorTable.5423
                0x0000000000004b54       0x10 ./drivers/fsl_clock.o
 .rodata.__func__.5438
                0x0000000000004b64       0x12 ./drivers/fsl_clock.o
 *fill*         0x0000000000004b76        0x2 ff
 .rodata.__func__.5478
                0x0000000000004b78       0x11 ./drivers/fsl_clock.o
 *fill*         0x0000000000004b89        0x3 ff
 .rodata.__func__.5615
                0x0000000000004b8c       0x11 ./drivers/fsl_clock.o
 *fill*         0x0000000000004b9d        0x3 ff
 .rodata.__func__.5682
                0x0000000000004ba0       0x14 ./drivers/fsl_clock.o
 .rodata.__assert_func.str1.4
                0x0000000000004bb4       0x3e ./drivers/fsl_common.o
 *fill*         0x0000000000004bf2        0x2 ff
 .rodata.DMA_EnableInterrupts.str1.4
                0x0000000000004bf4       0x37 ./drivers/fsl_dma.o
 *fill*         0x0000000000004c2b        0x1 ff
 .rodata.DMA_GetInstance.str1.4
                0x0000000000004c2c       0x2f ./drivers/fsl_dma.o
 *fill*         0x0000000000004c5b        0x1 ff
 .rodata.DMA_CreateHandle.str1.4
                0x0000000000004c5c        0xf ./drivers/fsl_dma.o
 *fill*         0x0000000000004c6b        0x1 ff
 .rodata.__func__.5582
                0x0000000000004c6c        0xe ./drivers/fsl_dma.o
 *fill*         0x0000000000004c7a        0x2 ff
 .rodata.__func__.5450
                0x0000000000004c7c       0x1c ./drivers/fsl_dma.o
 .rodata.GPIO_GetInstance.str1.4
                0x0000000000004c98       0x30 ./drivers/fsl_gpio.o
 .rodata.GPIO_PinInit.str1.4
                0x0000000000004cc8        0x7 ./drivers/fsl_gpio.o
 .rodata.__func__.5338
                0x0000000000004cc8        0xd ./drivers/fsl_gpio.o
 *fill*         0x0000000000004cd5        0x3 ff
 .rodata.LPSCI_GetInstance.str1.4
                0x0000000000004cd8       0x31 ./drivers/fsl_lpsci.o
 *fill*         0x0000000000004d09        0x3 ff
 .rodata.LPSCI_ReadNonBlocking.str1.4
                0x0000000000004d0c        0x5 ./drivers/fsl_lpsci.o
 *fill*         0x0000000000004d11        0x3 ff
 .rodata.LPSCI_Init.str1.4
                0x0000000000004d14       0x15 ./drivers/fsl_lpsci.o
                                         0x1d (size before relaxing)
 *fill*         0x0000000000004d29        0x3 ff
 .rodata.__func__.5498
                0x0000000000004d2c       0x12 ./drivers/fsl_lpsci.o
 *fill*         0x0000000000004d3e        0x2 ff
 .rodata.__func__.5534
                0x0000000000004d40        0xb ./drivers/fsl_lpsci.o
 *fill*         0x0000000000004d4b        0x1 ff
 .rodata.__func__.5555
                0x0000000000004d4c       0x17 ./drivers/fsl_lpsci.o
 *fill*         0x0000000000004d63        0x1 ff
 .rodata.__func__.5600
                0x0000000000004d64       0x14 ./drivers/fsl_lpsci.o
 .rodata.__func__.5612
                0x0000000000004d78       0x13 ./drivers/fsl_lpsci.o
 *fill*         0x0000000000004d8b        0x1 ff
 .rodata.SPI_GetInstance.str1.4
                0x0000000000004d8c       0x2f ./drivers/fsl_spi.o
 *fill*         0x0000000000004dbb        0x1 ff
 .rodata.SPI0_DriverIRQHandler.str1.4
                0x0000000000004dbc        0xf ./drivers/fsl_spi.o
 *fill*         0x0000000000004dcb        0x1 ff
 .rodata.SPI1_DriverIRQHandler.str1.4
                0x0000000000004dcc        0xf ./drivers/fsl_spi.o
 *fill*         0x0000000000004ddb        0x1 ff
 .rodata.__func__.5689
                0x0000000000004ddc       0x16 ./drivers/fsl_spi.o
 *fill*         0x0000000000004df2        0x2 ff
 .rodata.__func__.5693
                0x0000000000004df4       0x16 ./drivers/fsl_spi.o
 *fill*         0x0000000000004e0a        0x2 ff
 .rodata.s_uartBases
                0x0000000000004e0c        0xc ./drivers/fsl_uart.o
 .rodata.s_uartClock
                0x0000000000004e18        0xc ./drivers/fsl_uart.o
 .rodata.UART_GetInstance.str1.4
                0x0000000000004e24       0x28 ./drivers/fsl_uart.o
 .rodata.UART_Init.str1.4
                0x0000000000004e4c       0x1d ./drivers/fsl_uart.o
 .rodata.UART_WriteNonBlocking.str1.4
                0x0000000000004e4c        0x5 ./drivers/fsl_uart.o
 .rodata.__func__.5501
                0x0000000000004e4c       0x11 ./drivers/fsl_uart.o
 *fill*         0x0000000000004e5d        0x3 ff
 .rodata.__func__.5517
                0x0000000000004e60        0xa ./drivers/fsl_uart.o
 *fill*         0x0000000000004e6a        0x2 ff
 .rodata.__func__.5530
                0x0000000000004e6c       0x16 ./drivers/fsl_uart.o
 *fill*         0x0000000000004e82        0x2 ff
 .rodata.__func__.5588
                0x0000000000004e84       0x12 ./drivers/fsl_uart.o
 *fill*         0x0000000000004e96        0x2 ff
 .rodata.mcgConfig_BOARD_BootClockRUN
                0x0000000000004e98        0xa ./board/clock_config.o
                0x0000000000004e98                mcgConfig_BOARD_BootClockRUN
 *fill*         0x0000000000004ea2        0x2 ff
 .rodata.simConfig_BOARD_BootClockRUN
                0x0000000000004ea4        0x8 ./board/clock_config.o
                0x0000000000004ea4                simConfig_BOARD_BootClockRUN
 .rodata.oscConfig_BOARD_BootClockRUN
                0x0000000000004eac        0x8 ./board/clock_config.o
                0x0000000000004eac                oscConfig_BOARD_BootClockRUN
 .rodata        0x0000000000004eb4        0x2 ./board/pin_mux.o
 *fill*         0x0000000000004eb6        0x2 ff
 .rodata        0x0000000000004eb8       0x80 /usr/local/mcuxpressoide-11.2.1_4149/ide/plugins/com.nxp.mcuxpresso.tools.linux_11.2.0.202001021529/tools/bin/../lib/gcc/arm-none-eabi/9.2.1/thumb/v6-m/nofp/libgcc.a(divsf3.o)
 .rodata.__sf_fake_stderr
                0x0000000000004f38       0x20 /usr/local/mcuxpressoide-11.2.1_4149/ide/plugins/com.nxp.mcuxpresso.tools.linux_11.2.0.202001021529/tools/bin/../lib/gcc/arm-none-eabi/9.2.1/../../../../arm-none-eabi/lib/thumb/v6-m/nofp/libc_nano.a(lib_a-findfp.o)
                0x0000000000004f38                __sf_fake_stderr
 .rodata.__sf_fake_stdin
                0x0000000000004f58       0x20 /usr/local/mcuxpressoide-11.2.1_4149/ide/plugins/com.nxp.mcuxpresso.tools.linux_11.2.0.202001021529/tools/bin/../lib/gcc/arm-none-eabi/9.2.1/../../../../arm-none-eabi/lib/thumb/v6-m/nofp/libc_nano.a(lib_a-findfp.o)
                0x0000000000004f58                __sf_fake_stdin
 .rodata.__sf_fake_stdout
                0x0000000000004f78       0x20 /usr/local/mcuxpressoide-11.2.1_4149/ide/plugins/com.nxp.mcuxpresso.tools.linux_11.2.0.202001021529/tools/bin/../lib/gcc/arm-none-eabi/9.2.1/../../../../arm-none-eabi/lib/thumb/v6-m/nofp/libc_nano.a(lib_a-findfp.o)
                0x0000000000004f78                __sf_fake_stdout
 .rodata._global_impure_ptr
                0x0000000000004f98        0x4 /usr/local/mcuxpressoide-11.2.1_4149/ide/plugins/com.nxp.mcuxpresso.tools.linux_11.2.0.202001021529/tools/bin/../lib/gcc/arm-none-eabi/9.2.1/../../../../arm-none-eabi/lib/thumb/v6-m/nofp/libc_nano.a(lib_a-impure.o)
                0x0000000000004f98                _global_impure_ptr
 .rodata        0x0000000000004f9c        0xc /usr/local/mcuxpressoide-11.2.1_4149/ide/plugins/com.nxp.mcuxpresso.tools.linux_11.2.0.202001021529/tools/bin/../lib/gcc/arm-none-eabi/9.2.1/../../../../arm-none-eabi/lib/thumb/v6-m/nofp/libc_nano.a(lib_a-nano-vfscanf_i.o)
 .rodata._vfprintf_r.str1.1
                0x0000000000004fa8       0x11 /usr/local/mcuxpressoide-11.2.1_4149/ide/plugins/com.nxp.mcuxpresso.tools.linux_11.2.0.202001021529/tools/bin/../lib/gcc/arm-none-eabi/9.2.1/../../../../arm-none-eabi/lib/thumb/v6-m/nofp/libc_nano.a(lib_a-nano-vfprintf.o)
 .rodata._printf_i.str1.1
                0x0000000000004fb9       0x22 /usr/local/mcuxpressoide-11.2.1_4149/ide/plugins/com.nxp.mcuxpresso.tools.linux_11.2.0.202001021529/tools/bin/../lib/gcc/arm-none-eabi/9.2.1/../../../../arm-none-eabi/lib/thumb/v6-m/nofp/libc_nano.a(lib_a-nano-vfprintf_i.o)
 .rodata.__svfscanf_r.str1.1
                0x0000000000004fdb        0x4 /usr/local/mcuxpressoide-11.2.1_4149/ide/plugins/com.nxp.mcuxpresso.tools.linux_11.2.0.202001021529/tools/bin/../lib/gcc/arm-none-eabi/9.2.1/../../../../arm-none-eabi/lib/thumb/v6-m/nofp/libc_nano.a(lib_a-nano-vfscanf.o)
 .rodata.str1.1
                0x0000000000004fdb        0x9 /usr/local/mcuxpressoide-11.2.1_4149/ide/plugins/com.nxp.mcuxpresso.tools.linux_11.2.0.202001021529/tools/bin/../lib/gcc/arm-none-eabi/9.2.1/../../../../arm-none-eabi/lib/thumb/v6-m/nofp/libc_nano.a(lib_a-nano-vfscanf_i.o)
 .rodata._scanf_i.str1.1
                0x0000000000004fe4       0x12 /usr/local/mcuxpressoide-11.2.1_4149/ide/plugins/com.nxp.mcuxpresso.tools.linux_11.2.0.202001021529/tools/bin/../lib/gcc/arm-none-eabi/9.2.1/../../../../arm-none-eabi/lib/thumb/v6-m/nofp/libc_nano.a(lib_a-nano-vfscanf_i.o)
 .rodata._ctype_
                0x0000000000004ff6      0x101 /usr/local/mcuxpressoide-11.2.1_4149/ide/plugins/com.nxp.mcuxpresso.tools.linux_11.2.0.202001021529/tools/bin/../lib/gcc/arm-none-eabi/9.2.1/../../../../arm-none-eabi/lib/thumb/v6-m/nofp/libc_nano.a(lib_a-ctype_.o)
                0x0000000000004ff6                _ctype_
                0x00000000000050f8                . = ALIGN (0x4)
 *fill*         0x00000000000050f7        0x1 ff
                0x00000000000050f8                . = ALIGN (0x4)
 *(.init)
 .init          0x00000000000050f8        0x4 /usr/local/mcuxpressoide-11.2.1_4149/ide/plugins/com.nxp.mcuxpresso.tools.linux_11.2.0.202001021529/tools/bin/../lib/gcc/arm-none-eabi/9.2.1/thumb/v6-m/nofp/crti.o
                0x00000000000050f8                _init
 .init          0x00000000000050fc        0x8 /usr/local/mcuxpressoide-11.2.1_4149/ide/plugins/com.nxp.mcuxpresso.tools.linux_11.2.0.202001021529/tools/bin/../lib/gcc/arm-none-eabi/9.2.1/thumb/v6-m/nofp/crtn.o
                0x0000000000005104                . = ALIGN (0x4)
                0x0000000000005104                __preinit_array_start = .
 *(SORT_BY_ALIGNMENT(.preinit_array))
                0x0000000000005104                __preinit_array_end = .
                0x0000000000005104                . = ALIGN (0x4)
                0x0000000000005104                __init_array_start = .
 *(SORT_BY_NAME(SORT_BY_ALIGNMENT(.init_array.*)))
 *(SORT_BY_ALIGNMENT(.init_array))
 .init_array    0x0000000000005104        0x4 /usr/local/mcuxpressoide-11.2.1_4149/ide/plugins/com.nxp.mcuxpresso.tools.linux_11.2.0.202001021529/tools/bin/../lib/gcc/arm-none-eabi/9.2.1/thumb/v6-m/nofp/crtbegin.o
                0x0000000000005108                __init_array_end = .
 *(.fini)
 .fini          0x0000000000005108        0x4 /usr/local/mcuxpressoide-11.2.1_4149/ide/plugins/com.nxp.mcuxpresso.tools.linux_11.2.0.202001021529/tools/bin/../lib/gcc/arm-none-eabi/9.2.1/thumb/v6-m/nofp/crti.o
                0x0000000000005108                _fini
 .fini          0x000000000000510c        0x8 /usr/local/mcuxpressoide-11.2.1_4149/ide/plugins/com.nxp.mcuxpresso.tools.linux_11.2.0.202001021529/tools/bin/../lib/gcc/arm-none-eabi/9.2.1/thumb/v6-m/nofp/crtn.o
                0x0000000000005114                . = ALIGN (0x4)
 *crtbegin.o(SORT_BY_ALIGNMENT(.ctors))
 *(SORT_BY_ALIGNMENT(EXCLUDE_FILE(*crtend.o) .ctors))
 *(SORT_BY_NAME(SORT_BY_ALIGNMENT(.ctors.*)))
 *crtend.o(SORT_BY_ALIGNMENT(.ctors))
                0x0000000000005114                . = ALIGN (0x4)
 *crtbegin.o(SORT_BY_ALIGNMENT(.dtors))
 *(SORT_BY_ALIGNMENT(EXCLUDE_FILE(*crtend.o) .dtors))
 *(SORT_BY_NAME(SORT_BY_ALIGNMENT(.dtors.*)))
 *crtend.o(SORT_BY_ALIGNMENT(.dtors))
                0x0000000000005114                . = ALIGN (0x4)

.glue_7         0x0000000000005114        0x0
 .glue_7        0x0000000000005114        0x0 linker stubs

.glue_7t        0x0000000000005114        0x0
 .glue_7t       0x0000000000005114        0x0 linker stubs

.vfp11_veneer   0x0000000000005114        0x0
 .vfp11_veneer  0x0000000000005114        0x0 linker stubs

.v4_bx          0x0000000000005114        0x0
 .v4_bx         0x0000000000005114        0x0 linker stubs

.iplt           0x0000000000005114        0x0
 .iplt          0x0000000000005114        0x0 ./utilities/fsl_debug_console.o

.ARM.extab
 *(SORT_BY_ALIGNMENT(.ARM.extab*) SORT_BY_ALIGNMENT(.gnu.linkonce.armextab.*))

.ARM.exidx      0x0000000000005114        0x8
                0x0000000000005114                __exidx_start = .
 *(SORT_BY_ALIGNMENT(.ARM.exidx*) SORT_BY_ALIGNMENT(.gnu.linkonce.armexidx.*))
 .ARM.exidx     0x0000000000005114        0x8 /usr/local/mcuxpressoide-11.2.1_4149/ide/plugins/com.nxp.mcuxpresso.tools.linux_11.2.0.202001021529/tools/bin/../lib/gcc/arm-none-eabi/9.2.1/thumb/v6-m/nofp/libgcc.a(_udivmoddi4.o)
                0x000000000000511c                __exidx_end = .
                0x000000000000511c                _etext = .

.rel.dyn        0x000000000000511c        0x0
 .rel.iplt      0x000000000000511c        0x0 ./utilities/fsl_debug_console.o

.eh_frame       0x000000000000511c        0x0
 .eh_frame      0x000000000000511c        0x0 /usr/local/mcuxpressoide-11.2.1_4149/ide/plugins/com.nxp.mcuxpresso.tools.linux_11.2.0.202001021529/tools/bin/../lib/gcc/arm-none-eabi/9.2.1/thumb/v6-m/nofp/crtbegin.o

.m_usb_data
 *(SORT_BY_ALIGNMENT(m_usb_bdt))

.mtb_buffer_default
                0x000000001ffff000       0x80
 *(SORT_BY_ALIGNMENT(.mtb*))
 .mtb.$RAM1     0x000000001ffff000       0x80 ./source/mtb.o
                0x000000001ffff000                __mtb_buffer__

.uninit_RESERVED
                0x000000001ffff080        0x0
                0x000000001ffff080                _start_uninit_RESERVED = .
 *(SORT_BY_ALIGNMENT(.bss.$RESERVED*))
                0x000000001ffff080                . = ALIGN (0x4)
                0x000000001ffff080                _end_uninit_RESERVED = .

.data           0x000000001ffff080       0x70 load address 0x000000000000511c
 FILL mask 0xff
                0x000000001ffff080                _data = .
                [!provide]                        PROVIDE (__start_data_RAM = .)
                [!provide]                        PROVIDE (__start_data_SRAM = .)
 *(SORT_BY_ALIGNMENT(vtable))
 *(SORT_BY_ALIGNMENT(.ramfunc*))
 *(SORT_BY_ALIGNMENT(CodeQuickAccess))
 *(SORT_BY_ALIGNMENT(DataQuickAccess))
 *(SORT_BY_ALIGNMENT(RamFunction))
 *(SORT_BY_ALIGNMENT(.data*))
 .data.s_slowIrcFreq
                0x000000001ffff080        0x4 ./drivers/fsl_clock.o
 .data.s_fastIrcFreq
                0x000000001ffff084        0x4 ./drivers/fsl_clock.o
 .data.SystemCoreClock
                0x000000001ffff088        0x4 ./CMSIS/system_MKL25Z4.o
                0x000000001ffff088                SystemCoreClock
 .data._impure_ptr
                0x000000001ffff08c        0x4 /usr/local/mcuxpressoide-11.2.1_4149/ide/plugins/com.nxp.mcuxpresso.tools.linux_11.2.0.202001021529/tools/bin/../lib/gcc/arm-none-eabi/9.2.1/../../../../arm-none-eabi/lib/thumb/v6-m/nofp/libc_nano.a(lib_a-impure.o)
                0x000000001ffff08c                _impure_ptr
 .data.impure_data
                0x000000001ffff090       0x60 /usr/local/mcuxpressoide-11.2.1_4149/ide/plugins/com.nxp.mcuxpresso.tools.linux_11.2.0.202001021529/tools/bin/../lib/gcc/arm-none-eabi/9.2.1/../../../../arm-none-eabi/lib/thumb/v6-m/nofp/libc_nano.a(lib_a-impure.o)
                0x000000001ffff0f0                . = ALIGN (0x4)
                0x000000001ffff0f0                _edata = .
                [!provide]                        PROVIDE (__end_data_RAM = .)
                [!provide]                        PROVIDE (__end_data_SRAM = .)

.igot.plt       0x000000001ffff0f0        0x0 load address 0x000000000000518c
 .igot.plt      0x000000001ffff0f0        0x0 ./utilities/fsl_debug_console.o

.bss            0x000000001ffff0f0       0x94
                0x000000001ffff0f0                _bss = .
                [!provide]                        PROVIDE (__start_bss_RAM = .)
                [!provide]                        PROVIDE (__start_bss_SRAM = .)
 *(SORT_BY_ALIGNMENT(.bss*))
 .bss.s_debugConsole
                0x000000001ffff0f0       0x10 ./utilities/fsl_debug_console.o
 .bss.g_xtal0Freq
                0x000000001ffff100        0x4 ./drivers/fsl_clock.o
                0x000000001ffff100                g_xtal0Freq
 .bss.s_DMAHandle
                0x000000001ffff104       0x10 ./drivers/fsl_dma.o
 .bss.s_i2cHandle
                0x000000001ffff114        0x8 ./drivers/fsl_i2c.o
 .bss.s_i2cMasterIsr
                0x000000001ffff11c        0x4 ./drivers/fsl_i2c.o
 .bss.s_i2cSlaveIsr
                0x000000001ffff120        0x4 ./drivers/fsl_i2c.o
 .bss.s_lpsciHandle
                0x000000001ffff124        0x4 ./drivers/fsl_lpsci.o
 .bss.s_lpsciIsr
                0x000000001ffff128        0x4 ./drivers/fsl_lpsci.o
 .bss.s_spiHandle
                0x000000001ffff12c        0x8 ./drivers/fsl_spi.o
 .bss.s_spiMasterIsr
                0x000000001ffff134        0x4 ./drivers/fsl_spi.o
 .bss.s_spiSlaveIsr
                0x000000001ffff138        0x4 ./drivers/fsl_spi.o
 .bss.s_uartHandle
                0x000000001ffff13c        0xc ./drivers/fsl_uart.o
 .bss.s_uartIsr
                0x000000001ffff148        0x4 ./drivers/fsl_uart.o
 .bss.__malloc_free_list
                0x000000001ffff14c        0x4 /usr/local/mcuxpressoide-11.2.1_4149/ide/plugins/com.nxp.mcuxpresso.tools.linux_11.2.0.202001021529/tools/bin/../lib/gcc/arm-none-eabi/9.2.1/../../../../arm-none-eabi/lib/thumb/v6-m/nofp/libc_nano.a(lib_a-nano-mallocr.o)
                0x000000001ffff14c                __malloc_free_list
 .bss.__malloc_sbrk_start
                0x000000001ffff150        0x4 /usr/local/mcuxpressoide-11.2.1_4149/ide/plugins/com.nxp.mcuxpresso.tools.linux_11.2.0.202001021529/tools/bin/../lib/gcc/arm-none-eabi/9.2.1/../../../../arm-none-eabi/lib/thumb/v6-m/nofp/libc_nano.a(lib_a-nano-mallocr.o)
                0x000000001ffff150                __malloc_sbrk_start
 .bss.__end_of_heap
                0x000000001ffff154        0x4 /usr/local/mcuxpressoide-11.2.1_4149/ide/plugins/com.nxp.mcuxpresso.tools.linux_11.2.0.202001021529/tools/bin/../lib/gcc/arm-none-eabi/9.2.1/../../../../arm-none-eabi/lib/thumb/v6-m/nofp/libcr_newlib_nohost.a(_cr_sbrk.o)
                0x000000001ffff154                __end_of_heap
 .bss           0x000000001ffff158       0x1c /usr/local/mcuxpressoide-11.2.1_4149/ide/plugins/com.nxp.mcuxpresso.tools.linux_11.2.0.202001021529/tools/bin/../lib/gcc/arm-none-eabi/9.2.1/thumb/v6-m/nofp/crtbegin.o
 *(SORT_BY_ALIGNMENT(COMMON))
 COMMON         0x000000001ffff174        0x4 /usr/local/mcuxpressoide-11.2.1_4149/ide/plugins/com.nxp.mcuxpresso.tools.linux_11.2.0.202001021529/tools/bin/../lib/gcc/arm-none-eabi/9.2.1/../../../../arm-none-eabi/lib/thumb/v6-m/nofp/libc_nano.a(lib_a-reent.o)
                0x000000001ffff174                errno
 COMMON         0x000000001ffff178        0x9 /usr/local/mcuxpressoide-11.2.1_4149/ide/plugins/com.nxp.mcuxpresso.tools.linux_11.2.0.202001021529/tools/bin/../lib/gcc/arm-none-eabi/9.2.1/../../../../arm-none-eabi/lib/thumb/v6-m/nofp/libc_nano.a(lib_a-lock.o)
                0x000000001ffff178                __lock___atexit_recursive_mutex
                0x000000001ffff179                __lock___arc4random_mutex
                0x000000001ffff17a                __lock___env_recursive_mutex
                0x000000001ffff17b                __lock___sinit_recursive_mutex
                0x000000001ffff17c                __lock___malloc_recursive_mutex
                0x000000001ffff17d                __lock___at_quick_exit_mutex
                0x000000001ffff17e                __lock___dd_hash_mutex
                0x000000001ffff17f                __lock___tz_mutex
                0x000000001ffff180                __lock___sfp_recursive_mutex
                0x000000001ffff184                . = ALIGN (0x4)
 *fill*         0x000000001ffff181        0x3 
                0x000000001ffff184                _ebss = .
                [!provide]                        PROVIDE (__end_bss_RAM = .)
                [!provide]                        PROVIDE (__end_bss_SRAM = .)
                [!provide]                        PROVIDE (end = .)

.noinit         0x000000001ffff184        0x0
                0x000000001ffff184                _noinit = .
                [!provide]                        PROVIDE (__start_noinit_RAM = .)
                [!provide]                        PROVIDE (__start_noinit_SRAM = .)
 *(SORT_BY_ALIGNMENT(.noinit*))
                0x000000001ffff184                . = ALIGN (0x4)
                0x000000001ffff184                _end_noinit = .
                [!provide]                        PROVIDE (__end_noinit_RAM = .)
                [!provide]                        PROVIDE (__end_noinit_SRAM = .)
                0x0000000000000400                _HeapSize = 0x400

.heap           0x000000001ffff184      0x400
                0x000000001ffff184                _pvHeapStart = .
                0x000000001ffff584                . = (. + _HeapSize)
 *fill*         0x000000001ffff184      0x400 
                0x000000001ffff584                . = ALIGN (0x4)
                0x000000001ffff584                _pvHeapLimit = .
                0x0000000000000400                _StackSize = 0x400

.heap2stackfill
                0x000000001ffff584      0x400
                0x000000001ffff984                . = (. + _StackSize)
 *fill*         0x000000001ffff584      0x400 

.stack          0x0000000020002c00        0x0
                0x0000000020002c00                _vStackBase = .
                0x0000000020002c00                . = ALIGN (0x4)
                0x0000000020003000                _vStackTop = (. + _StackSize)
                0x0000000000000000                _image_start = LOADADDR (.text)
                0x000000000000518c                _image_end = (LOADADDR (.data) + SIZEOF (.data))
                0x000000000000518c                _image_size = (_image_end - _image_start)
OUTPUT(motorPasso_DM556.axf elf32-littlearm)

.debug_info     0x0000000000000000    0x18cbd
 .debug_info    0x0000000000000000     0x121b ./utilities/fsl_debug_console.o
 .debug_info    0x000000000000121b      0x4e2 ./startup/startup_mkl25z4.o
 .debug_info    0x00000000000016fd     0x11d3 ./source/DM556.o
 .debug_info    0x00000000000028d0     0x1282 ./source/cpp_config.o
 .debug_info    0x0000000000003b52      0xdbf ./source/motorPasso_DM556.o
 .debug_info    0x0000000000004911       0x53 ./source/mtb.o
 .debug_info    0x0000000000004964       0x3c ./source/semihost_hardfault.o
 .debug_info    0x00000000000049a0     0x2414 ./drivers/fsl_clock.o
 .debug_info    0x0000000000006db4      0xce1 ./drivers/fsl_common.o
 .debug_info    0x0000000000007a95     0x1976 ./drivers/fsl_dma.o
 .debug_info    0x000000000000940b      0xe37 ./drivers/fsl_gpio.o
 .debug_info    0x000000000000a242     0x2510 ./drivers/fsl_i2c.o
 .debug_info    0x000000000000c752     0x1f30 ./drivers/fsl_lpsci.o
 .debug_info    0x000000000000e682     0x1e3a ./drivers/fsl_spi.o
 .debug_info    0x00000000000104bc     0x1ead ./drivers/fsl_uart.o
 .debug_info    0x0000000000012369      0xf83 ./board/board.o
 .debug_info    0x00000000000132ec     0x1387 ./board/clock_config.o
 .debug_info    0x0000000000014673       0x3c ./board/peripherals.o
 .debug_info    0x00000000000146af      0xf38 ./board/pin_mux.o
 .debug_info    0x00000000000155e7      0x425 ./CMSIS/system_MKL25Z4.o
 .debug_info    0x0000000000015a0c      0x9f8 /usr/local/mcuxpressoide-11.2.1_4149/ide/plugins/com.nxp.mcuxpresso.tools.linux_11.2.0.202001021529/tools/bin/../lib/gcc/arm-none-eabi/9.2.1/../../../../arm-none-eabi/lib/thumb/v6-m/nofp/libcr_newlib_nohost.a(_cr_sbrk.o)
 .debug_info    0x0000000000016404      0x979 /usr/local/mcuxpressoide-11.2.1_4149/ide/plugins/com.nxp.mcuxpresso.tools.linux_11.2.0.202001021529/tools/bin/../lib/gcc/arm-none-eabi/9.2.1/../../../../arm-none-eabi/lib/thumb/v6-m/nofp/libcr_newlib_nohost.a(close.o)
 .debug_info    0x0000000000016d7d      0xbbb /usr/local/mcuxpressoide-11.2.1_4149/ide/plugins/com.nxp.mcuxpresso.tools.linux_11.2.0.202001021529/tools/bin/../lib/gcc/arm-none-eabi/9.2.1/../../../../arm-none-eabi/lib/thumb/v6-m/nofp/libcr_newlib_nohost.a(fstat.o)
 .debug_info    0x0000000000017938      0x979 /usr/local/mcuxpressoide-11.2.1_4149/ide/plugins/com.nxp.mcuxpresso.tools.linux_11.2.0.202001021529/tools/bin/../lib/gcc/arm-none-eabi/9.2.1/../../../../arm-none-eabi/lib/thumb/v6-m/nofp/libcr_newlib_nohost.a(isatty.o)
 .debug_info    0x00000000000182b1      0x99b /usr/local/mcuxpressoide-11.2.1_4149/ide/plugins/com.nxp.mcuxpresso.tools.linux_11.2.0.202001021529/tools/bin/../lib/gcc/arm-none-eabi/9.2.1/../../../../arm-none-eabi/lib/thumb/v6-m/nofp/libcr_newlib_nohost.a(lseek.o)
 .debug_info    0x0000000000018c4c       0x71 /usr/local/mcuxpressoide-11.2.1_4149/ide/plugins/com.nxp.mcuxpresso.tools.linux_11.2.0.202001021529/tools/bin/../lib/gcc/arm-none-eabi/9.2.1/../../../../arm-none-eabi/lib/thumb/v6-m/nofp/libcr_newlib_nohost.a(_cr_check_heap.o)

.debug_abbrev   0x0000000000000000     0x3d80
 .debug_abbrev  0x0000000000000000      0x2ae ./utilities/fsl_debug_console.o
 .debug_abbrev  0x00000000000002ae      0x183 ./startup/startup_mkl25z4.o
 .debug_abbrev  0x0000000000000431      0x409 ./source/DM556.o
 .debug_abbrev  0x000000000000083a      0x33a ./source/cpp_config.o
 .debug_abbrev  0x0000000000000b74      0x231 ./source/motorPasso_DM556.o
 .debug_abbrev  0x0000000000000da5       0x46 ./source/mtb.o
 .debug_abbrev  0x0000000000000deb       0x31 ./source/semihost_hardfault.o
 .debug_abbrev  0x0000000000000e1c      0x40a ./drivers/fsl_clock.o
 .debug_abbrev  0x0000000000001226      0x333 ./drivers/fsl_common.o
 .debug_abbrev  0x0000000000001559      0x379 ./drivers/fsl_dma.o
 .debug_abbrev  0x00000000000018d2      0x25c ./drivers/fsl_gpio.o
 .debug_abbrev  0x0000000000001b2e      0x3fb ./drivers/fsl_i2c.o
 .debug_abbrev  0x0000000000001f29      0x396 ./drivers/fsl_lpsci.o
 .debug_abbrev  0x00000000000022bf      0x396 ./drivers/fsl_spi.o
 .debug_abbrev  0x0000000000002655      0x3b0 ./drivers/fsl_uart.o
 .debug_abbrev  0x0000000000002a05      0x22d ./board/board.o
 .debug_abbrev  0x0000000000002c32      0x2b9 ./board/clock_config.o
 .debug_abbrev  0x0000000000002eeb       0x31 ./board/peripherals.o
 .debug_abbrev  0x0000000000002f1c      0x2a1 ./board/pin_mux.o
 .debug_abbrev  0x00000000000031bd      0x12e ./CMSIS/system_MKL25Z4.o
 .debug_abbrev  0x00000000000032eb      0x24a /usr/local/mcuxpressoide-11.2.1_4149/ide/plugins/com.nxp.mcuxpresso.tools.linux_11.2.0.202001021529/tools/bin/../lib/gcc/arm-none-eabi/9.2.1/../../../../arm-none-eabi/lib/thumb/v6-m/nofp/libcr_newlib_nohost.a(_cr_sbrk.o)
 .debug_abbrev  0x0000000000003535      0x1ea /usr/local/mcuxpressoide-11.2.1_4149/ide/plugins/com.nxp.mcuxpresso.tools.linux_11.2.0.202001021529/tools/bin/../lib/gcc/arm-none-eabi/9.2.1/../../../../arm-none-eabi/lib/thumb/v6-m/nofp/libcr_newlib_nohost.a(close.o)
 .debug_abbrev  0x000000000000371f      0x1fd /usr/local/mcuxpressoide-11.2.1_4149/ide/plugins/com.nxp.mcuxpresso.tools.linux_11.2.0.202001021529/tools/bin/../lib/gcc/arm-none-eabi/9.2.1/../../../../arm-none-eabi/lib/thumb/v6-m/nofp/libcr_newlib_nohost.a(fstat.o)
 .debug_abbrev  0x000000000000391c      0x1ea /usr/local/mcuxpressoide-11.2.1_4149/ide/plugins/com.nxp.mcuxpresso.tools.linux_11.2.0.202001021529/tools/bin/../lib/gcc/arm-none-eabi/9.2.1/../../../../arm-none-eabi/lib/thumb/v6-m/nofp/libcr_newlib_nohost.a(isatty.o)
 .debug_abbrev  0x0000000000003b06      0x20f /usr/local/mcuxpressoide-11.2.1_4149/ide/plugins/com.nxp.mcuxpresso.tools.linux_11.2.0.202001021529/tools/bin/../lib/gcc/arm-none-eabi/9.2.1/../../../../arm-none-eabi/lib/thumb/v6-m/nofp/libcr_newlib_nohost.a(lseek.o)
 .debug_abbrev  0x0000000000003d15       0x6b /usr/local/mcuxpressoide-11.2.1_4149/ide/plugins/com.nxp.mcuxpresso.tools.linux_11.2.0.202001021529/tools/bin/../lib/gcc/arm-none-eabi/9.2.1/../../../../arm-none-eabi/lib/thumb/v6-m/nofp/libcr_newlib_nohost.a(_cr_check_heap.o)

.debug_aranges  0x0000000000000000      0xcd0
 .debug_aranges
                0x0000000000000000       0x58 ./utilities/fsl_debug_console.o
 .debug_aranges
                0x0000000000000058      0x160 ./startup/startup_mkl25z4.o
 .debug_aranges
                0x00000000000001b8       0x98 ./source/DM556.o
 .debug_aranges
                0x0000000000000250       0x48 ./source/cpp_config.o
 .debug_aranges
                0x0000000000000298       0x30 ./source/motorPasso_DM556.o
 .debug_aranges
                0x00000000000002c8       0x18 ./source/mtb.o
 .debug_aranges
                0x00000000000002e0       0x20 ./source/semihost_hardfault.o
 .debug_aranges
                0x0000000000000300      0x1d8 ./drivers/fsl_clock.o
 .debug_aranges
                0x00000000000004d8       0x38 ./drivers/fsl_common.o
 .debug_aranges
                0x0000000000000510       0xd0 ./drivers/fsl_dma.o
 .debug_aranges
                0x00000000000005e0       0x40 ./drivers/fsl_gpio.o
 .debug_aranges
                0x0000000000000620      0x178 ./drivers/fsl_i2c.o
 .debug_aranges
                0x0000000000000798      0x118 ./drivers/fsl_lpsci.o
 .debug_aranges
                0x00000000000008b0      0x130 ./drivers/fsl_spi.o
 .debug_aranges
                0x00000000000009e0      0x130 ./drivers/fsl_uart.o
 .debug_aranges
                0x0000000000000b10       0x28 ./board/board.o
 .debug_aranges
                0x0000000000000b38       0x58 ./board/clock_config.o
 .debug_aranges
                0x0000000000000b90       0x20 ./board/peripherals.o
 .debug_aranges
                0x0000000000000bb0       0x38 ./board/pin_mux.o
 .debug_aranges
                0x0000000000000be8       0x28 ./CMSIS/system_MKL25Z4.o
 .debug_aranges
                0x0000000000000c10       0x20 /usr/local/mcuxpressoide-11.2.1_4149/ide/plugins/com.nxp.mcuxpresso.tools.linux_11.2.0.202001021529/tools/bin/../lib/gcc/arm-none-eabi/9.2.1/../../../../arm-none-eabi/lib/thumb/v6-m/nofp/libcr_newlib_nohost.a(_cr_sbrk.o)
 .debug_aranges
                0x0000000000000c30       0x20 /usr/local/mcuxpressoide-11.2.1_4149/ide/plugins/com.nxp.mcuxpresso.tools.linux_11.2.0.202001021529/tools/bin/../lib/gcc/arm-none-eabi/9.2.1/../../../../arm-none-eabi/lib/thumb/v6-m/nofp/libcr_newlib_nohost.a(close.o)
 .debug_aranges
                0x0000000000000c50       0x20 /usr/local/mcuxpressoide-11.2.1_4149/ide/plugins/com.nxp.mcuxpresso.tools.linux_11.2.0.202001021529/tools/bin/../lib/gcc/arm-none-eabi/9.2.1/../../../../arm-none-eabi/lib/thumb/v6-m/nofp/libcr_newlib_nohost.a(fstat.o)
 .debug_aranges
                0x0000000000000c70       0x20 /usr/local/mcuxpressoide-11.2.1_4149/ide/plugins/com.nxp.mcuxpresso.tools.linux_11.2.0.202001021529/tools/bin/../lib/gcc/arm-none-eabi/9.2.1/../../../../arm-none-eabi/lib/thumb/v6-m/nofp/libcr_newlib_nohost.a(isatty.o)
 .debug_aranges
                0x0000000000000c90       0x20 /usr/local/mcuxpressoide-11.2.1_4149/ide/plugins/com.nxp.mcuxpresso.tools.linux_11.2.0.202001021529/tools/bin/../lib/gcc/arm-none-eabi/9.2.1/../../../../arm-none-eabi/lib/thumb/v6-m/nofp/libcr_newlib_nohost.a(lseek.o)
 .debug_aranges
                0x0000000000000cb0       0x20 /usr/local/mcuxpressoide-11.2.1_4149/ide/plugins/com.nxp.mcuxpresso.tools.linux_11.2.0.202001021529/tools/bin/../lib/gcc/arm-none-eabi/9.2.1/../../../../arm-none-eabi/lib/thumb/v6-m/nofp/libcr_newlib_nohost.a(_cr_check_heap.o)

.debug_ranges   0x0000000000000000      0xb28
 .debug_ranges  0x0000000000000000       0x48 ./utilities/fsl_debug_console.o
 .debug_ranges  0x0000000000000048      0x150 ./startup/startup_mkl25z4.o
 .debug_ranges  0x0000000000000198       0x88 ./source/DM556.o
 .debug_ranges  0x0000000000000220       0x38 ./source/cpp_config.o
 .debug_ranges  0x0000000000000258       0x20 ./source/motorPasso_DM556.o
 .debug_ranges  0x0000000000000278       0x10 ./source/semihost_hardfault.o
 .debug_ranges  0x0000000000000288      0x1c8 ./drivers/fsl_clock.o
 .debug_ranges  0x0000000000000450       0x28 ./drivers/fsl_common.o
 .debug_ranges  0x0000000000000478       0xc0 ./drivers/fsl_dma.o
 .debug_ranges  0x0000000000000538       0x30 ./drivers/fsl_gpio.o
 .debug_ranges  0x0000000000000568      0x168 ./drivers/fsl_i2c.o
 .debug_ranges  0x00000000000006d0      0x108 ./drivers/fsl_lpsci.o
 .debug_ranges  0x00000000000007d8      0x120 ./drivers/fsl_spi.o
 .debug_ranges  0x00000000000008f8      0x120 ./drivers/fsl_uart.o
 .debug_ranges  0x0000000000000a18       0x18 ./board/board.o
 .debug_ranges  0x0000000000000a30       0x48 ./board/clock_config.o
 .debug_ranges  0x0000000000000a78       0x10 ./board/peripherals.o
 .debug_ranges  0x0000000000000a88       0x28 ./board/pin_mux.o
 .debug_ranges  0x0000000000000ab0       0x18 ./CMSIS/system_MKL25Z4.o
 .debug_ranges  0x0000000000000ac8       0x10 /usr/local/mcuxpressoide-11.2.1_4149/ide/plugins/com.nxp.mcuxpresso.tools.linux_11.2.0.202001021529/tools/bin/../lib/gcc/arm-none-eabi/9.2.1/../../../../arm-none-eabi/lib/thumb/v6-m/nofp/libcr_newlib_nohost.a(_cr_sbrk.o)
 .debug_ranges  0x0000000000000ad8       0x10 /usr/local/mcuxpressoide-11.2.1_4149/ide/plugins/com.nxp.mcuxpresso.tools.linux_11.2.0.202001021529/tools/bin/../lib/gcc/arm-none-eabi/9.2.1/../../../../arm-none-eabi/lib/thumb/v6-m/nofp/libcr_newlib_nohost.a(close.o)
 .debug_ranges  0x0000000000000ae8       0x10 /usr/local/mcuxpressoide-11.2.1_4149/ide/plugins/com.nxp.mcuxpresso.tools.linux_11.2.0.202001021529/tools/bin/../lib/gcc/arm-none-eabi/9.2.1/../../../../arm-none-eabi/lib/thumb/v6-m/nofp/libcr_newlib_nohost.a(fstat.o)
 .debug_ranges  0x0000000000000af8       0x10 /usr/local/mcuxpressoide-11.2.1_4149/ide/plugins/com.nxp.mcuxpresso.tools.linux_11.2.0.202001021529/tools/bin/../lib/gcc/arm-none-eabi/9.2.1/../../../../arm-none-eabi/lib/thumb/v6-m/nofp/libcr_newlib_nohost.a(isatty.o)
 .debug_ranges  0x0000000000000b08       0x10 /usr/local/mcuxpressoide-11.2.1_4149/ide/plugins/com.nxp.mcuxpresso.tools.linux_11.2.0.202001021529/tools/bin/../lib/gcc/arm-none-eabi/9.2.1/../../../../arm-none-eabi/lib/thumb/v6-m/nofp/libcr_newlib_nohost.a(lseek.o)
 .debug_ranges  0x0000000000000b18       0x10 /usr/local/mcuxpressoide-11.2.1_4149/ide/plugins/com.nxp.mcuxpresso.tools.linux_11.2.0.202001021529/tools/bin/../lib/gcc/arm-none-eabi/9.2.1/../../../../arm-none-eabi/lib/thumb/v6-m/nofp/libcr_newlib_nohost.a(_cr_check_heap.o)

.debug_macro    0x0000000000000000     0xd05c
 .debug_macro   0x0000000000000000      0x2d7 ./utilities/fsl_debug_console.o
 .debug_macro   0x00000000000002d7      0xaae ./utilities/fsl_debug_console.o
 .debug_macro   0x0000000000000d85       0x58 ./utilities/fsl_debug_console.o
 .debug_macro   0x0000000000000ddd       0x18 ./utilities/fsl_debug_console.o
 .debug_macro   0x0000000000000df5       0x22 ./utilities/fsl_debug_console.o
 .debug_macro   0x0000000000000e17       0x46 ./utilities/fsl_debug_console.o
 .debug_macro   0x0000000000000e5d       0x94 ./utilities/fsl_debug_console.o
 .debug_macro   0x0000000000000ef1       0x3c ./utilities/fsl_debug_console.o
 .debug_macro   0x0000000000000f2d       0x34 ./utilities/fsl_debug_console.o
 .debug_macro   0x0000000000000f61       0x16 ./utilities/fsl_debug_console.o
 .debug_macro   0x0000000000000f77      0x10e ./utilities/fsl_debug_console.o
 .debug_macro   0x0000000000001085       0x8d ./utilities/fsl_debug_console.o
 .debug_macro   0x0000000000001112       0x57 ./utilities/fsl_debug_console.o
 .debug_macro   0x0000000000001169       0x58 ./utilities/fsl_debug_console.o
 .debug_macro   0x00000000000011c1       0x1f ./utilities/fsl_debug_console.o
 .debug_macro   0x00000000000011e0       0x43 ./utilities/fsl_debug_console.o
 .debug_macro   0x0000000000001223       0x20 ./utilities/fsl_debug_console.o
 .debug_macro   0x0000000000001243      0x1a3 ./utilities/fsl_debug_console.o
 .debug_macro   0x00000000000013e6      0x339 ./utilities/fsl_debug_console.o
 .debug_macro   0x000000000000171f       0x16 ./utilities/fsl_debug_console.o
 .debug_macro   0x0000000000001735       0x29 ./utilities/fsl_debug_console.o
 .debug_macro   0x000000000000175e      0x1e1 ./utilities/fsl_debug_console.o
 .debug_macro   0x000000000000193f       0x1c ./utilities/fsl_debug_console.o
 .debug_macro   0x000000000000195b       0x22 ./utilities/fsl_debug_console.o
 .debug_macro   0x000000000000197d       0xef ./utilities/fsl_debug_console.o
 .debug_macro   0x0000000000001a6c       0x6a ./utilities/fsl_debug_console.o
 .debug_macro   0x0000000000001ad6      0x1df ./utilities/fsl_debug_console.o
 .debug_macro   0x0000000000001cb5       0x16 ./utilities/fsl_debug_console.o
 .debug_macro   0x0000000000001ccb       0x35 ./utilities/fsl_debug_console.o
 .debug_macro   0x0000000000001d00       0x10 ./utilities/fsl_debug_console.o
 .debug_macro   0x0000000000001d10       0x3f ./utilities/fsl_debug_console.o
 .debug_macro   0x0000000000001d4f       0x3a ./utilities/fsl_debug_console.o
 .debug_macro   0x0000000000001d89       0x26 ./utilities/fsl_debug_console.o
 .debug_macro   0x0000000000001daf      0x329 ./utilities/fsl_debug_console.o
 .debug_macro   0x00000000000020d8       0x30 ./utilities/fsl_debug_console.o
 .debug_macro   0x0000000000002108     0x51e2 ./utilities/fsl_debug_console.o
 .debug_macro   0x00000000000072ea     0x1352 ./utilities/fsl_debug_console.o
 .debug_macro   0x000000000000863c       0x3a ./utilities/fsl_debug_console.o
 .debug_macro   0x0000000000008676       0xf4 ./utilities/fsl_debug_console.o
 .debug_macro   0x000000000000876a       0x35 ./utilities/fsl_debug_console.o
 .debug_macro   0x000000000000879f       0x1c ./utilities/fsl_debug_console.o
 .debug_macro   0x00000000000087bb       0x10 ./utilities/fsl_debug_console.o
 .debug_macro   0x00000000000087cb       0x1c ./utilities/fsl_debug_console.o
 .debug_macro   0x00000000000087e7       0x52 ./utilities/fsl_debug_console.o
 .debug_macro   0x0000000000008839       0x40 ./utilities/fsl_debug_console.o
 .debug_macro   0x0000000000008879       0x10 ./utilities/fsl_debug_console.o
 .debug_macro   0x0000000000008889       0x40 ./utilities/fsl_debug_console.o
 .debug_macro   0x00000000000088c9       0xd7 ./utilities/fsl_debug_console.o
 .debug_macro   0x00000000000089a0       0x1c ./utilities/fsl_debug_console.o
 .debug_macro   0x00000000000089bc       0x3d ./utilities/fsl_debug_console.o
 .debug_macro   0x00000000000089f9       0x16 ./utilities/fsl_debug_console.o
 .debug_macro   0x0000000000008a0f      0x145 ./utilities/fsl_debug_console.o
 .debug_macro   0x0000000000008b54       0x34 ./utilities/fsl_debug_console.o
 .debug_macro   0x0000000000008b88       0x10 ./utilities/fsl_debug_console.o
 .debug_macro   0x0000000000008b98       0x10 ./utilities/fsl_debug_console.o
 .debug_macro   0x0000000000008ba8       0x2a ./startup/startup_mkl25z4.o
 .debug_macro   0x0000000000008bd2      0xb86 ./startup/startup_mkl25z4.o
 .debug_macro   0x0000000000009758      0x29a ./source/DM556.o
 .debug_macro   0x00000000000099f2       0x34 ./source/DM556.o
 .debug_macro   0x0000000000009a26       0x16 ./source/DM556.o
 .debug_macro   0x0000000000009a3c       0x16 ./source/DM556.o
 .debug_macro   0x0000000000009a52      0x34e ./source/DM556.o
 .debug_macro   0x0000000000009da0      0x17b ./source/DM556.o
 .debug_macro   0x0000000000009f1b       0x43 ./source/DM556.o
 .debug_macro   0x0000000000009f5e      0x35c ./source/DM556.o
 .debug_macro   0x000000000000a2ba       0x10 ./source/DM556.o
 .debug_macro   0x000000000000a2ca       0x35 ./source/DM556.o
 .debug_macro   0x000000000000a2ff      0x329 ./source/DM556.o
 .debug_macro   0x000000000000a628       0x10 ./source/DM556.o
 .debug_macro   0x000000000000a638      0x137 ./source/DM556.o
 .debug_macro   0x000000000000a76f       0x10 ./source/DM556.o
 .debug_macro   0x000000000000a77f       0x10 ./source/DM556.o
 .debug_macro   0x000000000000a78f       0x10 ./source/DM556.o
 .debug_macro   0x000000000000a79f      0x140 ./source/cpp_config.o
 .debug_macro   0x000000000000a8df      0x17c ./source/cpp_config.o
 .debug_macro   0x000000000000aa5b       0x10 ./source/cpp_config.o
 .debug_macro   0x000000000000aa6b      0x3fb ./source/cpp_config.o
 .debug_macro   0x000000000000ae66       0x10 ./source/cpp_config.o
 .debug_macro   0x000000000000ae76      0x10e ./source/cpp_config.o
 .debug_macro   0x000000000000af84       0x94 ./source/cpp_config.o
 .debug_macro   0x000000000000b018       0x1c ./source/cpp_config.o
 .debug_macro   0x000000000000b034       0xde ./source/cpp_config.o
 .debug_macro   0x000000000000b112      0x2ed ./source/motorPasso_DM556.o